R[write to console]: 
Attaching package: ‘renv’


R[write to console]: The following objects are masked from ‘package:stats’:

    embed, update


R[write to console]: The following objects are masked from ‘package:utils’:

    history, upgrade


R[write to console]: The following objects are masked from ‘package:base’:

    autoload, load, remove


R[write to console]: 

R[write to console]: clusterProfiler v4.10.1  For help: https://yulab-smu.top/biomedical-knowledge-mining-book/

If you use clusterProfiler in published research, please cite:
T Wu, E Hu, S Xu, M Chen, P Guo, Z Dai, T Feng, L Zhou, W Tang, L Zhan, X Fu, S Liu, X Bo, and G Yu. clusterProfiler 4.0: A universal enrichment tool for interpreting omics data. The Innovation. 2021, 2(3):100141

R[write to console]: 
Attaching package: ‘clusterProfiler’


R[write to console]: The following object is masked from ‘package:stats’:

    filter


R[write to console]: Loading required package: AnnotationDbi

R[write to console]: Loading required package: stats4

R[write to console]: Loading required package: BiocGenerics

R[write to console]: 
Attaching package: ‘BiocGenerics’


R[write to console]: The following objects are masked from ‘package:stats’:

    IQR, mad, sd, var, xtabs


R[write to console]: The following objects are masked from ‘package:base’:

    anyDuplicated, aperm, append, as.data.frame, basename, cbind,
    colnames, dirname, do.call, duplicated, eval, evalq, Filter, Find,
    get, grep, grepl, intersect, is.unsorted, lapply, Map, mapply,
    match, mget, order, paste, pmax, pmax.int, pmin, pmin.int,
    Position, rank, rbind, Reduce, rownames, sapply, setdiff, sort,
    table, tapply, union, unique, unsplit, which.max, which.min


R[write to console]: Loading required package: Biobase

R[write to console]: Welcome to Bioconductor

    Vignettes contain introductory material; view with
    'browseVignettes()'. To cite Bioconductor, see
    'citation("Biobase")', and for packages 'citation("pkgname")'.


R[write to console]: Loading required package: IRanges

R[write to console]: Loading required package: S4Vectors

R[write to console]: 
Attaching package: ‘S4Vectors’


R[write to console]: The following object is masked from ‘package:clusterProfiler’:

    rename


R[write to console]: The following object is masked from ‘package:utils’:

    findMatches


R[write to console]: The following objects are masked from ‘package:base’:

    expand.grid, I, unname


R[write to console]: 
Attaching package: ‘IRanges’


R[write to console]: The following object is masked from ‘package:clusterProfiler’:

    slice


R[write to console]: 
Attaching package: ‘AnnotationDbi’


R[write to console]: The following object is masked from ‘package:clusterProfiler’:

    select


R[write to console]: 

