- Project '~/Cells2Spine/Cells2Spine/Scripts/single-cell/Filter_scdblfinder' loaded. [renv 1.1.0]
- The library is already synchronized with the lockfile.
Processing sample: Sample_1
Total number of cells: 28450
Number of cells after filtering of low quality cells: 28335
Number of cells after filtering those with > 5% pct_mt_counts: 28021
Is sparse
DataFrame created from numpy array:
Numpy array successfully converted and transferred to R.
[1] "Reading data as matrix in R"
[1] "Converting to SCE and running scDblFinder"
[1] "Finish scDblFinder"
[1] "Saving doublet results to output_dir"
R_snippet executed
(28021, 26703)
Adding scores and classes to adata
scDblFinder_class
1    23788
2     4233
Name: count, dtype: int64
Processing sample: Sample_3
Total number of cells: 32208
Number of cells after filtering of low quality cells: 31061
Number of cells after filtering those with > 5% pct_mt_counts: 30644
Is sparse
DataFrame created from numpy array:
Numpy array successfully converted and transferred to R.
[1] "Reading data as matrix in R"
[1] "Converting to SCE and running scDblFinder"
[1] "Finish scDblFinder"
[1] "Saving doublet results to output_dir"
R_snippet executed
(30644, 27001)
Adding scores and classes to adata
scDblFinder_class
1    25461
2     5183
Name: count, dtype: int64
