/home/quiquevb/.conda/envs/scanpy-env/lib/python3.11/site-packages/anndata/_core/anndata.py:1754: UserWarning: Observation names are not unique. To make them unique, call `.obs_names_make_unique`.
  utils.warn_names_duplicates("obs")
/home/quiquevb/.conda/envs/scanpy-env/lib/python3.11/site-packages/anndata/_core/anndata.py:1756: UserWarning: Variable names are not unique. To make them unique, call `.var_names_make_unique`.
  utils.warn_names_duplicates("var")
/home/quiquevb/.conda/envs/scanpy-env/lib/python3.11/site-packages/anndata/_core/anndata.py:1754: UserWarning: Observation names are not unique. To make them unique, call `.obs_names_make_unique`.
  utils.warn_names_duplicates("obs")
/home/quiquevb/.conda/envs/scanpy-env/lib/python3.11/site-packages/anndata/_core/anndata.py:1756: UserWarning: Variable names are not unique. To make them unique, call `.var_names_make_unique`.
  utils.warn_names_duplicates("var")
/home/quiquevb/.conda/envs/scanpy-env/lib/python3.11/site-packages/anndata/_core/anndata.py:1754: UserWarning: Observation names are not unique. To make them unique, call `.obs_names_make_unique`.
  utils.warn_names_duplicates("obs")
WARNING: adata.X seems to be already log-transformed.
/home/quiquevb/.conda/envs/scanpy-env/lib/python3.11/site-packages/umap/umap_.py:1945: UserWarning: n_jobs value 1 overridden to 1 by setting random_state. Use no seed for parallelism.
  warn(f"n_jobs value {self.n_jobs} overridden to 1 by setting random_state. Use no seed for parallelism.")
/home/quiquevb/Cells2Spine/Cells2Spine/Scripts/single-cell/Ingest_annot/scanpy_ingest_integrate_annotate.py:78: FutureWarning: The default of observed=False is deprecated and will be changed to True in a future version of pandas. Pass observed=False to retain current behavior or observed=True to adopt the future default and silence this warning.
  count_table = df.groupby(['reference', 'prediction']).size().reset_index(name='cell_count')
/home/quiquevb/Cells2Spine/Cells2Spine/Scripts/single-cell/Ingest_annot/scanpy_ingest_integrate_annotate.py:81: FutureWarning: The default of observed=False is deprecated and will be changed to True in a future version of pandas. Pass observed=False to retain current behavior or observed=True to adopt the future default and silence this warning.
  reference_totals = count_table.groupby('reference')['cell_count'].transform('sum')
/home/quiquevb/.conda/envs/scanpy-env/lib/python3.11/site-packages/anndata/_core/anndata.py:1145: ImplicitModificationWarning: Trying to modify attribute `.obs` of view, initializing view as actual.
  df[key] = c
WARNING: It seems you use rank_genes_groups on the raw count data. Please logarithmize your data before calling rank_genes_groups.
WARNING: dendrogram data not found (using key=dendrogram_cell_type). Running `sc.tl.dendrogram` with default parameters. For fine tuning it is recommended to run `sc.tl.dendrogram` independently.
/home/quiquevb/.conda/envs/scanpy-env/lib/python3.11/site-packages/anndata/_core/anndata.py:1754: UserWarning: Observation names are not unique. To make them unique, call `.obs_names_make_unique`.
  utils.warn_names_duplicates("obs")
/home/quiquevb/.conda/envs/scanpy-env/lib/python3.11/site-packages/anndata/_core/anndata.py:1756: UserWarning: Variable names are not unique. To make them unique, call `.var_names_make_unique`.
  utils.warn_names_duplicates("var")
/home/quiquevb/.conda/envs/scanpy-env/lib/python3.11/site-packages/anndata/_core/anndata.py:1754: UserWarning: Observation names are not unique. To make them unique, call `.obs_names_make_unique`.
  utils.warn_names_duplicates("obs")
/home/quiquevb/.conda/envs/scanpy-env/lib/python3.11/site-packages/anndata/_core/anndata.py:1756: UserWarning: Variable names are not unique. To make them unique, call `.var_names_make_unique`.
  utils.warn_names_duplicates("var")
/home/quiquevb/.conda/envs/scanpy-env/lib/python3.11/site-packages/anndata/_core/anndata.py:1754: UserWarning: Observation names are not unique. To make them unique, call `.obs_names_make_unique`.
  utils.warn_names_duplicates("obs")
WARNING: adata.X seems to be already log-transformed.
/home/quiquevb/.conda/envs/scanpy-env/lib/python3.11/site-packages/umap/umap_.py:1945: UserWarning: n_jobs value 1 overridden to 1 by setting random_state. Use no seed for parallelism.
  warn(f"n_jobs value {self.n_jobs} overridden to 1 by setting random_state. Use no seed for parallelism.")
/home/quiquevb/Cells2Spine/Cells2Spine/Scripts/single-cell/Ingest_annot/scanpy_ingest_integrate_annotate.py:78: FutureWarning: The default of observed=False is deprecated and will be changed to True in a future version of pandas. Pass observed=False to retain current behavior or observed=True to adopt the future default and silence this warning.
  count_table = df.groupby(['reference', 'prediction']).size().reset_index(name='cell_count')
/home/quiquevb/Cells2Spine/Cells2Spine/Scripts/single-cell/Ingest_annot/scanpy_ingest_integrate_annotate.py:81: FutureWarning: The default of observed=False is deprecated and will be changed to True in a future version of pandas. Pass observed=False to retain current behavior or observed=True to adopt the future default and silence this warning.
  reference_totals = count_table.groupby('reference')['cell_count'].transform('sum')
/home/quiquevb/.conda/envs/scanpy-env/lib/python3.11/site-packages/scanpy/tools/_rank_genes_groups.py:645: ImplicitModificationWarning: Trying to modify attribute `._uns` of view, initializing view as actual.
  adata.uns[key_added] = {}
WARNING: It seems you use rank_genes_groups on the raw count data. Please logarithmize your data before calling rank_genes_groups.
WARNING: dendrogram data not found (using key=dendrogram_cell_type). Running `sc.tl.dendrogram` with default parameters. For fine tuning it is recommended to run `sc.tl.dendrogram` independently.
