cellbender:remove-background: Command:
cellbender remove-background --input /storage/gge/Quique/Cells2SpineData/Pilot/single-cell/full_seq/Single_Cell__3/HFNHJDSXC/outs/outs/raw_feature_bc_matrix.h5 --output /storage/gge/Quique/Cells2SpineData/Pilot/single-cell/full_seq/Single_Cell__3/HFNHJDSXC/outs/outs/cellbender_filtered.h5
cellbender:remove-background: CellBender 0.3.0
cellbender:remove-background: (Workflow hash 9a762fbad1)
cellbender:remove-background: 2025-01-28 13:24:35
cellbender:remove-background: Running remove-background
cellbender:remove-background: Loading data from /storage/gge/Quique/Cells2SpineData/Pilot/single-cell/full_seq/Single_Cell__3/HFNHJDSXC/outs/outs/raw_feature_bc_matrix.h5
cellbender:remove-background: CellRanger v3 format
cellbender:remove-background: Features in dataset: 39537 Gene Expression
cellbender:remove-background: Trimming features for inference.
cellbender:remove-background: 26918 features have nonzero counts.
cellbender:remove-background: Prior on counts for cells is 2687
cellbender:remove-background: Prior on counts for empty droplets is 295
cellbender:remove-background: Excluding 2805 features that are estimated to have <= 0.1 background counts in cells.
cellbender:remove-background: Including 24113 features in the analysis.
cellbender:remove-background: Trimming barcodes for inference.
cellbender:remove-background: Excluding barcodes with counts below 147
cellbender:remove-background: Using 14094 probable cell barcodes, plus an additional 32553 barcodes, and 122533 empty droplets.
cellbender:remove-background: Largest surely-empty droplet has 327 UMI counts.
cellbender:remove-background: Attempting to unpack tarball "ckpt.tar.gz" to /scr/quiquevb/tmp/tmp4kpdru5t
cellbender:remove-background: Successfully unpacked tarball to /scr/quiquevb/tmp/tmp4kpdru5t
/scr/quiquevb/tmp/tmp4kpdru5t/c4b87545db_test.loaderstate
/scr/quiquevb/tmp/tmp4kpdru5t/c4b87545db_params.pyro
/scr/quiquevb/tmp/tmp4kpdru5t/c4b87545db_args.npy
/scr/quiquevb/tmp/tmp4kpdru5t/c4b87545db_random.pyro
/scr/quiquevb/tmp/tmp4kpdru5t/c4b87545db_train.loaderstate
/scr/quiquevb/tmp/tmp4kpdru5t/c4b87545db_model.torch
/scr/quiquevb/tmp/tmp4kpdru5t/c4b87545db_optim.pyro
/scr/quiquevb/tmp/tmp4kpdru5t/c4b87545db_optim.torch
cellbender:remove-background: Workflow hash does not match that of checkpoint.
cellbender:remove-background: No checkpoint loaded.
cellbender:remove-background: Running inference...
cellbender:remove-background: [epoch 001]  average training loss: 5395.3923
cellbender:remove-background: [epoch 002]  average training loss: 4359.5165  (2690.6 seconds per epoch)
cellbender:remove-background: Will checkpoint every 1 epochs
cellbender:remove-background: Saving a checkpoint...
cellbender:remove-background: Saved checkpoint as /home/quiquevb/Cells2Spine/Cells2Spine/Scripts/CellBender/ckpt.tar.gz
cellbender:remove-background: [epoch 003]  average training loss: 4166.3235
cellbender:remove-background: Saving a checkpoint...
cellbender:remove-background: Saved checkpoint as /home/quiquevb/Cells2Spine/Cells2Spine/Scripts/CellBender/ckpt.tar.gz
cellbender:remove-background: [epoch 004]  average training loss: 4107.5206
cellbender:remove-background: Saving a checkpoint...
cellbender:remove-background: Saved checkpoint as /home/quiquevb/Cells2Spine/Cells2Spine/Scripts/CellBender/ckpt.tar.gz
cellbender:remove-background: [epoch 005]  average training loss: 4093.6085
cellbender:remove-background: [epoch 005] average test loss: 4135.7428
cellbender:remove-background: Saving a checkpoint...
cellbender:remove-background: Saved checkpoint as /home/quiquevb/Cells2Spine/Cells2Spine/Scripts/CellBender/ckpt.tar.gz
cellbender:remove-background: [epoch 006]  average training loss: 4081.8079
cellbender:remove-background: Saving a checkpoint...
cellbender:remove-background: Saved checkpoint as /home/quiquevb/Cells2Spine/Cells2Spine/Scripts/CellBender/ckpt.tar.gz
cellbender:remove-background: [epoch 007]  average training loss: 4062.8971
cellbender:remove-background: Saving a checkpoint...
cellbender:remove-background: Saved checkpoint as /home/quiquevb/Cells2Spine/Cells2Spine/Scripts/CellBender/ckpt.tar.gz
cellbender:remove-background: [epoch 008]  average training loss: 4058.3747
cellbender:remove-background: Saving a checkpoint...
cellbender:remove-background: Saved checkpoint as /home/quiquevb/Cells2Spine/Cells2Spine/Scripts/CellBender/ckpt.tar.gz
cellbender:remove-background: [epoch 009]  average training loss: 3952.2059
cellbender:remove-background: Saving a checkpoint...
cellbender:remove-background: Saved checkpoint as /home/quiquevb/Cells2Spine/Cells2Spine/Scripts/CellBender/ckpt.tar.gz
cellbender:remove-background: [epoch 010]  average training loss: 3824.5772
cellbender:remove-background: [epoch 010] average test loss: 3840.3677
cellbender:remove-background: Saving a checkpoint...
cellbender:remove-background: Saved checkpoint as /home/quiquevb/Cells2Spine/Cells2Spine/Scripts/CellBender/ckpt.tar.gz
cellbender:remove-background: [epoch 011]  average training loss: 3796.7154
cellbender:remove-background: Saving a checkpoint...
cellbender:remove-background: Saved checkpoint as /home/quiquevb/Cells2Spine/Cells2Spine/Scripts/CellBender/ckpt.tar.gz
cellbender:remove-background: [epoch 012]  average training loss: 3779.1632
cellbender:remove-background: Saving a checkpoint...
cellbender:remove-background: Saved checkpoint as /home/quiquevb/Cells2Spine/Cells2Spine/Scripts/CellBender/ckpt.tar.gz
cellbender:remove-background: [epoch 013]  average training loss: 3761.5989
cellbender:remove-background: Saving a checkpoint...
cellbender:remove-background: Saved checkpoint as /home/quiquevb/Cells2Spine/Cells2Spine/Scripts/CellBender/ckpt.tar.gz
cellbender:remove-background: [epoch 014]  average training loss: 3744.3952
cellbender:remove-background: Saving a checkpoint...
cellbender:remove-background: Could not save checkpoint
cellbender:remove-background: Traceback (most recent call last):
  File "/home/quiquevb/.conda/envs/cellbender/lib/python3.7/site-packages/cellbender/remove_background/checkpoint.py", line 140, in save_checkpoint
    make_tarball(files=file_list, tarball_name=tarball_name)
  File "/home/quiquevb/.conda/envs/cellbender/lib/python3.7/site-packages/cellbender/remove_background/checkpoint.py", line 300, in make_tarball
    os.rename(tarball_name + '.tmp', tarball_name)
FileNotFoundError: [Errno 2] No such file or directory: 'ckpt.tar.gz.tmp' -> 'ckpt.tar.gz'

cellbender:remove-background: [epoch 015]  average training loss: 3736.0888
cellbender:remove-background: [epoch 015] average test loss: 3739.6549
cellbender:remove-background: Saving a checkpoint...
cellbender:remove-background: Saved checkpoint as /home/quiquevb/Cells2Spine/Cells2Spine/Scripts/CellBender/ckpt.tar.gz
cellbender:remove-background: [epoch 016]  average training loss: 3725.4690
cellbender:remove-background: Saving a checkpoint...
cellbender:remove-background: Could not save checkpoint
cellbender:remove-background: Traceback (most recent call last):
  File "/home/quiquevb/.conda/envs/cellbender/lib/python3.7/site-packages/cellbender/remove_background/checkpoint.py", line 140, in save_checkpoint
    make_tarball(files=file_list, tarball_name=tarball_name)
  File "/home/quiquevb/.conda/envs/cellbender/lib/python3.7/site-packages/cellbender/remove_background/checkpoint.py", line 300, in make_tarball
    os.rename(tarball_name + '.tmp', tarball_name)
FileNotFoundError: [Errno 2] No such file or directory: 'ckpt.tar.gz.tmp' -> 'ckpt.tar.gz'

cellbender:remove-background: [epoch 017]  average training loss: 3718.5283
cellbender:remove-background: Saving a checkpoint...
cellbender:remove-background: Could not save checkpoint
cellbender:remove-background: Traceback (most recent call last):
  File "/home/quiquevb/.conda/envs/cellbender/lib/python3.7/site-packages/cellbender/remove_background/checkpoint.py", line 140, in save_checkpoint
    make_tarball(files=file_list, tarball_name=tarball_name)
  File "/home/quiquevb/.conda/envs/cellbender/lib/python3.7/site-packages/cellbender/remove_background/checkpoint.py", line 300, in make_tarball
    os.rename(tarball_name + '.tmp', tarball_name)
FileNotFoundError: [Errno 2] No such file or directory: 'ckpt.tar.gz.tmp' -> 'ckpt.tar.gz'

cellbender:remove-background: [epoch 018]  average training loss: 3713.4437
cellbender:remove-background: Saving a checkpoint...
cellbender:remove-background: Saved checkpoint as /home/quiquevb/Cells2Spine/Cells2Spine/Scripts/CellBender/ckpt.tar.gz
cellbender:remove-background: [epoch 019]  average training loss: 3708.2950
cellbender:remove-background: Saving a checkpoint...
cellbender:remove-background: Saved checkpoint as /home/quiquevb/Cells2Spine/Cells2Spine/Scripts/CellBender/ckpt.tar.gz
cellbender:remove-background: [epoch 020]  average training loss: 3702.2699
cellbender:remove-background: [epoch 020] average test loss: 3722.4923
cellbender:remove-background: Saving a checkpoint...
cellbender:remove-background: Saved checkpoint as /home/quiquevb/Cells2Spine/Cells2Spine/Scripts/CellBender/ckpt.tar.gz
cellbender:remove-background: [epoch 021]  average training loss: 3698.9694
cellbender:remove-background: Saving a checkpoint...
cellbender:remove-background: Saved checkpoint as /home/quiquevb/Cells2Spine/Cells2Spine/Scripts/CellBender/ckpt.tar.gz
cellbender:remove-background: [epoch 022]  average training loss: 3694.7388
cellbender:remove-background: Saving a checkpoint...
cellbender:remove-background: Saved checkpoint as /home/quiquevb/Cells2Spine/Cells2Spine/Scripts/CellBender/ckpt.tar.gz
cellbender:remove-background: [epoch 023]  average training loss: 3691.3942
cellbender:remove-background: Saving a checkpoint...
cellbender:remove-background: Saved checkpoint as /home/quiquevb/Cells2Spine/Cells2Spine/Scripts/CellBender/ckpt.tar.gz
cellbender:remove-background: [epoch 024]  average training loss: 3689.6379
cellbender:remove-background: Saving a checkpoint...
cellbender:remove-background: Saved checkpoint as /home/quiquevb/Cells2Spine/Cells2Spine/Scripts/CellBender/ckpt.tar.gz
cellbender:remove-background: [epoch 025]  average training loss: 3687.3425
cellbender:remove-background: [epoch 025] average test loss: 3719.0380
cellbender:remove-background: Saving a checkpoint...
cellbender:remove-background: Saved checkpoint as /home/quiquevb/Cells2Spine/Cells2Spine/Scripts/CellBender/ckpt.tar.gz
cellbender:remove-background: [epoch 026]  average training loss: 3684.4356
cellbender:remove-background: Saving a checkpoint...
cellbender:remove-background: Saved checkpoint as /home/quiquevb/Cells2Spine/Cells2Spine/Scripts/CellBender/ckpt.tar.gz
cellbender:remove-background: [epoch 027]  average training loss: 3681.6338
cellbender:remove-background: Saving a checkpoint...
cellbender:remove-background: Could not save checkpoint
cellbender:remove-background: Traceback (most recent call last):
  File "/home/quiquevb/.conda/envs/cellbender/lib/python3.7/site-packages/cellbender/remove_background/checkpoint.py", line 140, in save_checkpoint
    make_tarball(files=file_list, tarball_name=tarball_name)
  File "/home/quiquevb/.conda/envs/cellbender/lib/python3.7/site-packages/cellbender/remove_background/checkpoint.py", line 300, in make_tarball
    os.rename(tarball_name + '.tmp', tarball_name)
FileNotFoundError: [Errno 2] No such file or directory: 'ckpt.tar.gz.tmp' -> 'ckpt.tar.gz'

cellbender:remove-background: [epoch 028]  average training loss: 3679.7580
cellbender:remove-background: Saving a checkpoint...
cellbender:remove-background: Saved checkpoint as /home/quiquevb/Cells2Spine/Cells2Spine/Scripts/CellBender/ckpt.tar.gz
cellbender:remove-background: [epoch 029]  average training loss: 3675.3067
cellbender:remove-background: Saving a checkpoint...
cellbender:remove-background: Saved checkpoint as /home/quiquevb/Cells2Spine/Cells2Spine/Scripts/CellBender/ckpt.tar.gz
cellbender:remove-background: [epoch 030]  average training loss: 3670.6930
cellbender:remove-background: [epoch 030] average test loss: 3694.7357
cellbender:remove-background: Saving a checkpoint...
cellbender:remove-background: Saved checkpoint as /home/quiquevb/Cells2Spine/Cells2Spine/Scripts/CellBender/ckpt.tar.gz
cellbender:remove-background: [epoch 031]  average training loss: 3665.3282
cellbender:remove-background: Saving a checkpoint...
cellbender:remove-background: Saved checkpoint as /home/quiquevb/Cells2Spine/Cells2Spine/Scripts/CellBender/ckpt.tar.gz
cellbender:remove-background: [epoch 032]  average training loss: 3667.8129
cellbender:remove-background: Saving a checkpoint...
cellbender:remove-background: Saved checkpoint as /home/quiquevb/Cells2Spine/Cells2Spine/Scripts/CellBender/ckpt.tar.gz
cellbender:remove-background: [epoch 033]  average training loss: 3680.2471
cellbender:remove-background: Saving a checkpoint...
cellbender:remove-background: Saved checkpoint as /home/quiquevb/Cells2Spine/Cells2Spine/Scripts/CellBender/ckpt.tar.gz
cellbender:remove-background: [epoch 034]  average training loss: 3681.6902
cellbender:remove-background: Saving a checkpoint...
cellbender:remove-background: Saved checkpoint as /home/quiquevb/Cells2Spine/Cells2Spine/Scripts/CellBender/ckpt.tar.gz
cellbender:remove-background: [epoch 035]  average training loss: 3679.6115
cellbender:remove-background: [epoch 035] average test loss: 3703.5646
cellbender:remove-background: Saving a checkpoint...
cellbender:remove-background: Saved checkpoint as /home/quiquevb/Cells2Spine/Cells2Spine/Scripts/CellBender/ckpt.tar.gz
cellbender:remove-background: [epoch 036]  average training loss: 3676.4566
cellbender:remove-background: Saving a checkpoint...
cellbender:remove-background: Saved checkpoint as /home/quiquevb/Cells2Spine/Cells2Spine/Scripts/CellBender/ckpt.tar.gz
cellbender:remove-background: [epoch 037]  average training loss: 3671.9856
cellbender:remove-background: Saving a checkpoint...
cellbender:remove-background: Saved checkpoint as /home/quiquevb/Cells2Spine/Cells2Spine/Scripts/CellBender/ckpt.tar.gz
cellbender:remove-background: [epoch 038]  average training loss: 3669.3821
cellbender:remove-background: Saving a checkpoint...
cellbender:remove-background: Could not save checkpoint
cellbender:remove-background: Traceback (most recent call last):
  File "/home/quiquevb/.conda/envs/cellbender/lib/python3.7/site-packages/cellbender/remove_background/checkpoint.py", line 140, in save_checkpoint
    make_tarball(files=file_list, tarball_name=tarball_name)
  File "/home/quiquevb/.conda/envs/cellbender/lib/python3.7/site-packages/cellbender/remove_background/checkpoint.py", line 300, in make_tarball
    os.rename(tarball_name + '.tmp', tarball_name)
FileNotFoundError: [Errno 2] No such file or directory: 'ckpt.tar.gz.tmp' -> 'ckpt.tar.gz'

cellbender:remove-background: [epoch 039]  average training loss: 3668.6229
cellbender:remove-background: Saving a checkpoint...
cellbender:remove-background: Saved checkpoint as /home/quiquevb/Cells2Spine/Cells2Spine/Scripts/CellBender/ckpt.tar.gz
cellbender:remove-background: [epoch 040]  average training loss: 3664.5864
cellbender:remove-background: [epoch 040] average test loss: 3689.6208
cellbender:remove-background: Saving a checkpoint...
cellbender:remove-background: Saved checkpoint as /home/quiquevb/Cells2Spine/Cells2Spine/Scripts/CellBender/ckpt.tar.gz
cellbender:remove-background: [epoch 041]  average training loss: 3664.0288
cellbender:remove-background: Saving a checkpoint...
cellbender:remove-background: Saved checkpoint as /home/quiquevb/Cells2Spine/Cells2Spine/Scripts/CellBender/ckpt.tar.gz
cellbender:remove-background: [epoch 042]  average training loss: 3660.1381
cellbender:remove-background: Saving a checkpoint...
cellbender:remove-background: Saved checkpoint as /home/quiquevb/Cells2Spine/Cells2Spine/Scripts/CellBender/ckpt.tar.gz
cellbender:remove-background: [epoch 043]  average training loss: 3658.6404
cellbender:remove-background: Saving a checkpoint...
cellbender:remove-background: Saved checkpoint as /home/quiquevb/Cells2Spine/Cells2Spine/Scripts/CellBender/ckpt.tar.gz
cellbender:remove-background: [epoch 044]  average training loss: 3653.7594
cellbender:remove-background: Saving a checkpoint...
cellbender:remove-background: Saved checkpoint as /home/quiquevb/Cells2Spine/Cells2Spine/Scripts/CellBender/ckpt.tar.gz
cellbender:remove-background: [epoch 045]  average training loss: 3651.5119
cellbender:remove-background: [epoch 045] average test loss: 3665.7589
cellbender:remove-background: Saving a checkpoint...
cellbender:remove-background: Saved checkpoint as /home/quiquevb/Cells2Spine/Cells2Spine/Scripts/CellBender/ckpt.tar.gz
cellbender:remove-background: [epoch 046]  average training loss: 3648.2389
cellbender:remove-background: Saving a checkpoint...
cellbender:remove-background: Saved checkpoint as /home/quiquevb/Cells2Spine/Cells2Spine/Scripts/CellBender/ckpt.tar.gz
cellbender:remove-background: [epoch 047]  average training loss: 3644.2672
cellbender:remove-background: Saving a checkpoint...
cellbender:remove-background: Saved checkpoint as /home/quiquevb/Cells2Spine/Cells2Spine/Scripts/CellBender/ckpt.tar.gz
cellbender:remove-background: [epoch 048]  average training loss: 3642.9364
cellbender:remove-background: Saving a checkpoint...
cellbender:remove-background: Saved checkpoint as /home/quiquevb/Cells2Spine/Cells2Spine/Scripts/CellBender/ckpt.tar.gz
cellbender:remove-background: [epoch 049]  average training loss: 3642.4277
cellbender:remove-background: Saving a checkpoint...
cellbender:remove-background: Saved checkpoint as /home/quiquevb/Cells2Spine/Cells2Spine/Scripts/CellBender/ckpt.tar.gz
cellbender:remove-background: [epoch 050]  average training loss: 3640.4525
cellbender:remove-background: [epoch 050] average test loss: 3671.8814
cellbender:remove-background: Saving a checkpoint...
cellbender:remove-background: Saved checkpoint as /home/quiquevb/Cells2Spine/Cells2Spine/Scripts/CellBender/ckpt.tar.gz
cellbender:remove-background: [epoch 051]  average training loss: 3638.1053
cellbender:remove-background: Saving a checkpoint...
cellbender:remove-background: Saved checkpoint as /home/quiquevb/Cells2Spine/Cells2Spine/Scripts/CellBender/ckpt.tar.gz
cellbender:remove-background: [epoch 052]  average training loss: 3637.8142
cellbender:remove-background: Saving a checkpoint...
cellbender:remove-background: Saved checkpoint as /home/quiquevb/Cells2Spine/Cells2Spine/Scripts/CellBender/ckpt.tar.gz
cellbender:remove-background: [epoch 053]  average training loss: 3635.4813
cellbender:remove-background: Saving a checkpoint...
cellbender:remove-background: Saved checkpoint as /home/quiquevb/Cells2Spine/Cells2Spine/Scripts/CellBender/ckpt.tar.gz
cellbender:remove-background: [epoch 054]  average training loss: 3634.1788
cellbender:remove-background: Saving a checkpoint...
cellbender:remove-background: Saved checkpoint as /home/quiquevb/Cells2Spine/Cells2Spine/Scripts/CellBender/ckpt.tar.gz
cellbender:remove-background: [epoch 055]  average training loss: 3634.1955
cellbender:remove-background: [epoch 055] average test loss: 3659.7026
cellbender:remove-background: Saving a checkpoint...
cellbender:remove-background: Saved checkpoint as /home/quiquevb/Cells2Spine/Cells2Spine/Scripts/CellBender/ckpt.tar.gz
cellbender:remove-background: [epoch 056]  average training loss: 3632.8532
cellbender:remove-background: Saving a checkpoint...
cellbender:remove-background: Saved checkpoint as /home/quiquevb/Cells2Spine/Cells2Spine/Scripts/CellBender/ckpt.tar.gz
cellbender:remove-background: [epoch 057]  average training loss: 3632.7409
cellbender:remove-background: Saving a checkpoint...
cellbender:remove-background: Saved checkpoint as /home/quiquevb/Cells2Spine/Cells2Spine/Scripts/CellBender/ckpt.tar.gz
cellbender:remove-background: [epoch 058]  average training loss: 3631.3922
cellbender:remove-background: Saving a checkpoint...
cellbender:remove-background: Saved checkpoint as /home/quiquevb/Cells2Spine/Cells2Spine/Scripts/CellBender/ckpt.tar.gz
cellbender:remove-background: [epoch 059]  average training loss: 3631.3488
cellbender:remove-background: Saving a checkpoint...
cellbender:remove-background: Saved checkpoint as /home/quiquevb/Cells2Spine/Cells2Spine/Scripts/CellBender/ckpt.tar.gz
cellbender:remove-background: [epoch 060]  average training loss: 3630.7988
cellbender:remove-background: [epoch 060] average test loss: 3660.7364
cellbender:remove-background: Saving a checkpoint...
cellbender:remove-background: Saved checkpoint as /home/quiquevb/Cells2Spine/Cells2Spine/Scripts/CellBender/ckpt.tar.gz
cellbender:remove-background: [epoch 061]  average training loss: 3629.7354
cellbender:remove-background: Saving a checkpoint...
cellbender:remove-background: Saved checkpoint as /home/quiquevb/Cells2Spine/Cells2Spine/Scripts/CellBender/ckpt.tar.gz
cellbender:remove-background: [epoch 062]  average training loss: 3629.6418
cellbender:remove-background: Saving a checkpoint...
cellbender:remove-background: Saved checkpoint as /home/quiquevb/Cells2Spine/Cells2Spine/Scripts/CellBender/ckpt.tar.gz
cellbender:remove-background: [epoch 063]  average training loss: 3629.1219
cellbender:remove-background: Saving a checkpoint...
cellbender:remove-background: Saved checkpoint as /home/quiquevb/Cells2Spine/Cells2Spine/Scripts/CellBender/ckpt.tar.gz
cellbender:remove-background: [epoch 064]  average training loss: 3628.5731
cellbender:remove-background: Saving a checkpoint...
cellbender:remove-background: Saved checkpoint as /home/quiquevb/Cells2Spine/Cells2Spine/Scripts/CellBender/ckpt.tar.gz
cellbender:remove-background: [epoch 065]  average training loss: 3626.9680
cellbender:remove-background: [epoch 065] average test loss: 3665.2145
cellbender:remove-background: Saving a checkpoint...
cellbender:remove-background: Saved checkpoint as /home/quiquevb/Cells2Spine/Cells2Spine/Scripts/CellBender/ckpt.tar.gz
cellbender:remove-background: [epoch 066]  average training loss: 3626.6448
cellbender:remove-background: Saving a checkpoint...
cellbender:remove-background: Saved checkpoint as /home/quiquevb/Cells2Spine/Cells2Spine/Scripts/CellBender/ckpt.tar.gz
cellbender:remove-background: [epoch 067]  average training loss: 3625.4014
cellbender:remove-background: Saving a checkpoint...
cellbender:remove-background: Saved checkpoint as /home/quiquevb/Cells2Spine/Cells2Spine/Scripts/CellBender/ckpt.tar.gz
cellbender:remove-background: [epoch 068]  average training loss: 3624.1833
cellbender:remove-background: Saving a checkpoint...
cellbender:remove-background: Saved checkpoint as /home/quiquevb/Cells2Spine/Cells2Spine/Scripts/CellBender/ckpt.tar.gz
cellbender:remove-background: [epoch 069]  average training loss: 3624.2496
cellbender:remove-background: Saving a checkpoint...
cellbender:remove-background: Saved checkpoint as /home/quiquevb/Cells2Spine/Cells2Spine/Scripts/CellBender/ckpt.tar.gz
cellbender:remove-background: [epoch 070]  average training loss: 3623.4900
cellbender:remove-background: [epoch 070] average test loss: 3648.8279
cellbender:remove-background: Saving a checkpoint...
cellbender:remove-background: Saved checkpoint as /home/quiquevb/Cells2Spine/Cells2Spine/Scripts/CellBender/ckpt.tar.gz
cellbender:remove-background: [epoch 071]  average training loss: 3622.4700
cellbender:remove-background: Saving a checkpoint...
cellbender:remove-background: Saved checkpoint as /home/quiquevb/Cells2Spine/Cells2Spine/Scripts/CellBender/ckpt.tar.gz
cellbender:remove-background: [epoch 072]  average training loss: 3622.4765
cellbender:remove-background: Saving a checkpoint...
cellbender:remove-background: Saved checkpoint as /home/quiquevb/Cells2Spine/Cells2Spine/Scripts/CellBender/ckpt.tar.gz
cellbender:remove-background: [epoch 073]  average training loss: 3620.8473
cellbender:remove-background: Saving a checkpoint...
cellbender:remove-background: Saved checkpoint as /home/quiquevb/Cells2Spine/Cells2Spine/Scripts/CellBender/ckpt.tar.gz
cellbender:remove-background: [epoch 074]  average training loss: 3620.7365
cellbender:remove-background: Saving a checkpoint...
cellbender:remove-background: Saved checkpoint as /home/quiquevb/Cells2Spine/Cells2Spine/Scripts/CellBender/ckpt.tar.gz
cellbender:remove-background: [epoch 075]  average training loss: 3618.8342
cellbender:remove-background: [epoch 075] average test loss: 3651.8960
cellbender:remove-background: Saving a checkpoint...
cellbender:remove-background: Saved checkpoint as /home/quiquevb/Cells2Spine/Cells2Spine/Scripts/CellBender/ckpt.tar.gz
cellbender:remove-background: [epoch 076]  average training loss: 3618.9467
cellbender:remove-background: Saving a checkpoint...
cellbender:remove-background: Saved checkpoint as /home/quiquevb/Cells2Spine/Cells2Spine/Scripts/CellBender/ckpt.tar.gz
cellbender:remove-background: [epoch 077]  average training loss: 3617.2357
cellbender:remove-background: Saving a checkpoint...
cellbender:remove-background: Saved checkpoint as /home/quiquevb/Cells2Spine/Cells2Spine/Scripts/CellBender/ckpt.tar.gz
cellbender:remove-background: [epoch 078]  average training loss: 3619.5418
cellbender:remove-background: Saving a checkpoint...
cellbender:remove-background: Saved checkpoint as /home/quiquevb/Cells2Spine/Cells2Spine/Scripts/CellBender/ckpt.tar.gz
cellbender:remove-background: [epoch 079]  average training loss: 3616.4491
cellbender:remove-background: Saving a checkpoint...
cellbender:remove-background: Saved checkpoint as /home/quiquevb/Cells2Spine/Cells2Spine/Scripts/CellBender/ckpt.tar.gz
cellbender:remove-background: [epoch 080]  average training loss: 3615.1376
cellbender:remove-background: [epoch 080] average test loss: 3657.5417
cellbender:remove-background: Saving a checkpoint...
cellbender:remove-background: Saved checkpoint as /home/quiquevb/Cells2Spine/Cells2Spine/Scripts/CellBender/ckpt.tar.gz
cellbender:remove-background: [epoch 081]  average training loss: 3615.9121
cellbender:remove-background: Saving a checkpoint...
cellbender:remove-background: Saved checkpoint as /home/quiquevb/Cells2Spine/Cells2Spine/Scripts/CellBender/ckpt.tar.gz
cellbender:remove-background: [epoch 082]  average training loss: 3613.5069
cellbender:remove-background: Saving a checkpoint...
cellbender:remove-background: Saved checkpoint as /home/quiquevb/Cells2Spine/Cells2Spine/Scripts/CellBender/ckpt.tar.gz
cellbender:remove-background: [epoch 083]  average training loss: 3613.5286
cellbender:remove-background: Saving a checkpoint...
cellbender:remove-background: Saved checkpoint as /home/quiquevb/Cells2Spine/Cells2Spine/Scripts/CellBender/ckpt.tar.gz
cellbender:remove-background: [epoch 084]  average training loss: 3611.3101
cellbender:remove-background: Saving a checkpoint...
cellbender:remove-background: Saved checkpoint as /home/quiquevb/Cells2Spine/Cells2Spine/Scripts/CellBender/ckpt.tar.gz
cellbender:remove-background: [epoch 085]  average training loss: 3612.2810
cellbender:remove-background: [epoch 085] average test loss: 3638.5525
cellbender:remove-background: Saving a checkpoint...
cellbender:remove-background: Saved checkpoint as /home/quiquevb/Cells2Spine/Cells2Spine/Scripts/CellBender/ckpt.tar.gz
cellbender:remove-background: [epoch 086]  average training loss: 3611.9500
cellbender:remove-background: Saving a checkpoint...
cellbender:remove-background: Saved checkpoint as /home/quiquevb/Cells2Spine/Cells2Spine/Scripts/CellBender/ckpt.tar.gz
cellbender:remove-background: [epoch 087]  average training loss: 3610.6849
cellbender:remove-background: Saving a checkpoint...
cellbender:remove-background: Saved checkpoint as /home/quiquevb/Cells2Spine/Cells2Spine/Scripts/CellBender/ckpt.tar.gz
cellbender:remove-background: [epoch 088]  average training loss: 3608.9233
cellbender:remove-background: Saving a checkpoint...
cellbender:remove-background: Saved checkpoint as /home/quiquevb/Cells2Spine/Cells2Spine/Scripts/CellBender/ckpt.tar.gz
cellbender:remove-background: [epoch 089]  average training loss: 3609.7618
cellbender:remove-background: Saving a checkpoint...
cellbender:remove-background: Saved checkpoint as /home/quiquevb/Cells2Spine/Cells2Spine/Scripts/CellBender/ckpt.tar.gz
cellbender:remove-background: [epoch 090]  average training loss: 3609.9497
cellbender:remove-background: [epoch 090] average test loss: 3640.3334
cellbender:remove-background: Saving a checkpoint...
cellbender:remove-background: Saved checkpoint as /home/quiquevb/Cells2Spine/Cells2Spine/Scripts/CellBender/ckpt.tar.gz
cellbender:remove-background: [epoch 091]  average training loss: 3609.2975
cellbender:remove-background: Saving a checkpoint...
cellbender:remove-background: Saved checkpoint as /home/quiquevb/Cells2Spine/Cells2Spine/Scripts/CellBender/ckpt.tar.gz
cellbender:remove-background: [epoch 092]  average training loss: 3608.9078
cellbender:remove-background: Saving a checkpoint...
cellbender:remove-background: Saved checkpoint as /home/quiquevb/Cells2Spine/Cells2Spine/Scripts/CellBender/ckpt.tar.gz
cellbender:remove-background: [epoch 093]  average training loss: 3608.6550
cellbender:remove-background: Saving a checkpoint...
cellbender:remove-background: Saved checkpoint as /home/quiquevb/Cells2Spine/Cells2Spine/Scripts/CellBender/ckpt.tar.gz
cellbender:remove-background: [epoch 094]  average training loss: 3608.8650
cellbender:remove-background: Saving a checkpoint...
cellbender:remove-background: Saved checkpoint as /home/quiquevb/Cells2Spine/Cells2Spine/Scripts/CellBender/ckpt.tar.gz
cellbender:remove-background: [epoch 095]  average training loss: 3608.4080
cellbender:remove-background: [epoch 095] average test loss: 3641.7603
cellbender:remove-background: Saving a checkpoint...
cellbender:remove-background: Saved checkpoint as /home/quiquevb/Cells2Spine/Cells2Spine/Scripts/CellBender/ckpt.tar.gz
cellbender:remove-background: [epoch 096]  average training loss: 3607.7223
cellbender:remove-background: Saving a checkpoint...
cellbender:remove-background: Saved checkpoint as /home/quiquevb/Cells2Spine/Cells2Spine/Scripts/CellBender/ckpt.tar.gz
cellbender:remove-background: [epoch 097]  average training loss: 3607.8238
cellbender:remove-background: Saving a checkpoint...
cellbender:remove-background: Saved checkpoint as /home/quiquevb/Cells2Spine/Cells2Spine/Scripts/CellBender/ckpt.tar.gz
cellbender:remove-background: [epoch 098]  average training loss: 3607.5102
cellbender:remove-background: Saving a checkpoint...
cellbender:remove-background: Could not save checkpoint
cellbender:remove-background: Traceback (most recent call last):
  File "/home/quiquevb/.conda/envs/cellbender/lib/python3.7/site-packages/cellbender/remove_background/checkpoint.py", line 140, in save_checkpoint
    make_tarball(files=file_list, tarball_name=tarball_name)
  File "/home/quiquevb/.conda/envs/cellbender/lib/python3.7/site-packages/cellbender/remove_background/checkpoint.py", line 300, in make_tarball
    os.rename(tarball_name + '.tmp', tarball_name)
FileNotFoundError: [Errno 2] No such file or directory: 'ckpt.tar.gz.tmp' -> 'ckpt.tar.gz'

cellbender:remove-background: [epoch 099]  average training loss: 3605.6095
cellbender:remove-background: Saving a checkpoint...
cellbender:remove-background: Saved checkpoint as /home/quiquevb/Cells2Spine/Cells2Spine/Scripts/CellBender/ckpt.tar.gz
cellbender:remove-background: [epoch 100]  average training loss: 3607.0447
cellbender:remove-background: [epoch 100] average test loss: 3638.9609
cellbender:remove-background: Saving a checkpoint...
cellbender:remove-background: Saved checkpoint as /home/quiquevb/Cells2Spine/Cells2Spine/Scripts/CellBender/ckpt.tar.gz
cellbender:remove-background: [epoch 101]  average training loss: 3606.4739
cellbender:remove-background: Saving a checkpoint...
cellbender:remove-background: Saved checkpoint as /home/quiquevb/Cells2Spine/Cells2Spine/Scripts/CellBender/ckpt.tar.gz
cellbender:remove-background: [epoch 102]  average training loss: 3607.4891
cellbender:remove-background: Saving a checkpoint...
cellbender:remove-background: Saved checkpoint as /home/quiquevb/Cells2Spine/Cells2Spine/Scripts/CellBender/ckpt.tar.gz
cellbender:remove-background: [epoch 103]  average training loss: 3605.5732
cellbender:remove-background: Saving a checkpoint...
cellbender:remove-background: Saved checkpoint as /home/quiquevb/Cells2Spine/Cells2Spine/Scripts/CellBender/ckpt.tar.gz
cellbender:remove-background: [epoch 104]  average training loss: 3605.5594
cellbender:remove-background: Saving a checkpoint...
cellbender:remove-background: Saved checkpoint as /home/quiquevb/Cells2Spine/Cells2Spine/Scripts/CellBender/ckpt.tar.gz
cellbender:remove-background: [epoch 105]  average training loss: 3605.2245
cellbender:remove-background: [epoch 105] average test loss: 3640.2881
cellbender:remove-background: Saving a checkpoint...
cellbender:remove-background: Saved checkpoint as /home/quiquevb/Cells2Spine/Cells2Spine/Scripts/CellBender/ckpt.tar.gz
cellbender:remove-background: [epoch 106]  average training loss: 3605.4453
cellbender:remove-background: Saving a checkpoint...
cellbender:remove-background: Saved checkpoint as /home/quiquevb/Cells2Spine/Cells2Spine/Scripts/CellBender/ckpt.tar.gz
cellbender:remove-background: [epoch 107]  average training loss: 3604.8044
cellbender:remove-background: Saving a checkpoint...
cellbender:remove-background: Saved checkpoint as /home/quiquevb/Cells2Spine/Cells2Spine/Scripts/CellBender/ckpt.tar.gz
cellbender:remove-background: [epoch 108]  average training loss: 3604.6787
cellbender:remove-background: Saving a checkpoint...
cellbender:remove-background: Saved checkpoint as /home/quiquevb/Cells2Spine/Cells2Spine/Scripts/CellBender/ckpt.tar.gz
cellbender:remove-background: [epoch 109]  average training loss: 3603.7228
cellbender:remove-background: Saving a checkpoint...
cellbender:remove-background: Saved checkpoint as /home/quiquevb/Cells2Spine/Cells2Spine/Scripts/CellBender/ckpt.tar.gz
cellbender:remove-background: [epoch 110]  average training loss: 3603.7348
cellbender:remove-background: [epoch 110] average test loss: 3633.0558
cellbender:remove-background: Saving a checkpoint...
cellbender:remove-background: Saved checkpoint as /home/quiquevb/Cells2Spine/Cells2Spine/Scripts/CellBender/ckpt.tar.gz
cellbender:remove-background: [epoch 111]  average training loss: 3603.2859
cellbender:remove-background: Saving a checkpoint...
cellbender:remove-background: Saved checkpoint as /home/quiquevb/Cells2Spine/Cells2Spine/Scripts/CellBender/ckpt.tar.gz
cellbender:remove-background: [epoch 112]  average training loss: 3604.1531
cellbender:remove-background: Saving a checkpoint...
cellbender:remove-background: Saved checkpoint as /home/quiquevb/Cells2Spine/Cells2Spine/Scripts/CellBender/ckpt.tar.gz
cellbender:remove-background: [epoch 113]  average training loss: 3603.0084
cellbender:remove-background: Saving a checkpoint...
cellbender:remove-background: Saved checkpoint as /home/quiquevb/Cells2Spine/Cells2Spine/Scripts/CellBender/ckpt.tar.gz
cellbender:remove-background: [epoch 114]  average training loss: 3602.7977
cellbender:remove-background: Saving a checkpoint...
cellbender:remove-background: Saved checkpoint as /home/quiquevb/Cells2Spine/Cells2Spine/Scripts/CellBender/ckpt.tar.gz
cellbender:remove-background: [epoch 115]  average training loss: 3602.8295
cellbender:remove-background: [epoch 115] average test loss: 3637.9336
cellbender:remove-background: Saving a checkpoint...
cellbender:remove-background: Saved checkpoint as /home/quiquevb/Cells2Spine/Cells2Spine/Scripts/CellBender/ckpt.tar.gz
cellbender:remove-background: [epoch 116]  average training loss: 3602.1217
cellbender:remove-background: Saving a checkpoint...
cellbender:remove-background: Saved checkpoint as /home/quiquevb/Cells2Spine/Cells2Spine/Scripts/CellBender/ckpt.tar.gz
cellbender:remove-background: [epoch 117]  average training loss: 3603.0608
cellbender:remove-background: Saving a checkpoint...
cellbender:remove-background: Saved checkpoint as /home/quiquevb/Cells2Spine/Cells2Spine/Scripts/CellBender/ckpt.tar.gz
cellbender:remove-background: [epoch 118]  average training loss: 3601.7683
cellbender:remove-background: Saving a checkpoint...
cellbender:remove-background: Saved checkpoint as /home/quiquevb/Cells2Spine/Cells2Spine/Scripts/CellBender/ckpt.tar.gz
cellbender:remove-background: [epoch 119]  average training loss: 3601.8611
cellbender:remove-background: Saving a checkpoint...
cellbender:remove-background: Saved checkpoint as /home/quiquevb/Cells2Spine/Cells2Spine/Scripts/CellBender/ckpt.tar.gz
cellbender:remove-background: [epoch 120]  average training loss: 3601.6471
cellbender:remove-background: [epoch 120] average test loss: 3650.0733
cellbender:remove-background: Saving a checkpoint...
cellbender:remove-background: Saved checkpoint as /home/quiquevb/Cells2Spine/Cells2Spine/Scripts/CellBender/ckpt.tar.gz
cellbender:remove-background: [epoch 121]  average training loss: 3602.1172
cellbender:remove-background: Saving a checkpoint...
cellbender:remove-background: Saved checkpoint as /home/quiquevb/Cells2Spine/Cells2Spine/Scripts/CellBender/ckpt.tar.gz
cellbender:remove-background: [epoch 122]  average training loss: 3601.7572
cellbender:remove-background: Saving a checkpoint...
cellbender:remove-background: Saved checkpoint as /home/quiquevb/Cells2Spine/Cells2Spine/Scripts/CellBender/ckpt.tar.gz
cellbender:remove-background: [epoch 123]  average training loss: 3600.9241
cellbender:remove-background: Saving a checkpoint...
cellbender:remove-background: Saved checkpoint as /home/quiquevb/Cells2Spine/Cells2Spine/Scripts/CellBender/ckpt.tar.gz
cellbender:remove-background: [epoch 124]  average training loss: 3600.6826
cellbender:remove-background: Saving a checkpoint...
cellbender:remove-background: Saved checkpoint as /home/quiquevb/Cells2Spine/Cells2Spine/Scripts/CellBender/ckpt.tar.gz
cellbender:remove-background: [epoch 125]  average training loss: 3601.1892
cellbender:remove-background: [epoch 125] average test loss: 3640.3013
cellbender:remove-background: Saving a checkpoint...
cellbender:remove-background: Saved checkpoint as /home/quiquevb/Cells2Spine/Cells2Spine/Scripts/CellBender/ckpt.tar.gz
cellbender:remove-background: [epoch 126]  average training loss: 3600.2298
cellbender:remove-background: Saving a checkpoint...
cellbender:remove-background: Saved checkpoint as /home/quiquevb/Cells2Spine/Cells2Spine/Scripts/CellBender/ckpt.tar.gz
cellbender:remove-background: [epoch 127]  average training loss: 3601.6214
cellbender:remove-background: Saving a checkpoint...
cellbender:remove-background: Saved checkpoint as /home/quiquevb/Cells2Spine/Cells2Spine/Scripts/CellBender/ckpt.tar.gz
cellbender:remove-background: [epoch 128]  average training loss: 3599.9323
cellbender:remove-background: Saving a checkpoint...
cellbender:remove-background: Saved checkpoint as /home/quiquevb/Cells2Spine/Cells2Spine/Scripts/CellBender/ckpt.tar.gz
cellbender:remove-background: [epoch 129]  average training loss: 3599.9057
cellbender:remove-background: Saving a checkpoint...
cellbender:remove-background: Saved checkpoint as /home/quiquevb/Cells2Spine/Cells2Spine/Scripts/CellBender/ckpt.tar.gz
cellbender:remove-background: [epoch 130]  average training loss: 3599.6861
cellbender:remove-background: [epoch 130] average test loss: 3638.5373
cellbender:remove-background: Saving a checkpoint...
cellbender:remove-background: Saved checkpoint as /home/quiquevb/Cells2Spine/Cells2Spine/Scripts/CellBender/ckpt.tar.gz
cellbender:remove-background: [epoch 131]  average training loss: 3599.9341
cellbender:remove-background: Saving a checkpoint...
cellbender:remove-background: Saved checkpoint as /home/quiquevb/Cells2Spine/Cells2Spine/Scripts/CellBender/ckpt.tar.gz
cellbender:remove-background: [epoch 132]  average training loss: 3599.7228
cellbender:remove-background: Saving a checkpoint...
cellbender:remove-background: Saved checkpoint as /home/quiquevb/Cells2Spine/Cells2Spine/Scripts/CellBender/ckpt.tar.gz
cellbender:remove-background: [epoch 133]  average training loss: 3600.2179
cellbender:remove-background: Saving a checkpoint...
cellbender:remove-background: Saved checkpoint as /home/quiquevb/Cells2Spine/Cells2Spine/Scripts/CellBender/ckpt.tar.gz
cellbender:remove-background: [epoch 134]  average training loss: 3600.3310
cellbender:remove-background: Saving a checkpoint...
cellbender:remove-background: Saved checkpoint as /home/quiquevb/Cells2Spine/Cells2Spine/Scripts/CellBender/ckpt.tar.gz
cellbender:remove-background: [epoch 135]  average training loss: 3599.8268
cellbender:remove-background: [epoch 135] average test loss: 3640.7171
cellbender:remove-background: Saving a checkpoint...
cellbender:remove-background: Saved checkpoint as /home/quiquevb/Cells2Spine/Cells2Spine/Scripts/CellBender/ckpt.tar.gz
cellbender:remove-background: [epoch 136]  average training loss: 3599.2980
cellbender:remove-background: Saving a checkpoint...
cellbender:remove-background: Saved checkpoint as /home/quiquevb/Cells2Spine/Cells2Spine/Scripts/CellBender/ckpt.tar.gz
cellbender:remove-background: [epoch 137]  average training loss: 3600.0026
cellbender:remove-background: Saving a checkpoint...
cellbender:remove-background: Saved checkpoint as /home/quiquevb/Cells2Spine/Cells2Spine/Scripts/CellBender/ckpt.tar.gz
cellbender:remove-background: [epoch 138]  average training loss: 3599.3237
cellbender:remove-background: Saving a checkpoint...
cellbender:remove-background: Saved checkpoint as /home/quiquevb/Cells2Spine/Cells2Spine/Scripts/CellBender/ckpt.tar.gz
cellbender:remove-background: [epoch 139]  average training loss: 3600.5708
cellbender:remove-background: Saving a checkpoint...
cellbender:remove-background: Saved checkpoint as /home/quiquevb/Cells2Spine/Cells2Spine/Scripts/CellBender/ckpt.tar.gz
cellbender:remove-background: [epoch 140]  average training loss: 3599.1548
cellbender:remove-background: [epoch 140] average test loss: 3644.5250
cellbender:remove-background: Saving a checkpoint...
cellbender:remove-background: Saved checkpoint as /home/quiquevb/Cells2Spine/Cells2Spine/Scripts/CellBender/ckpt.tar.gz
cellbender:remove-background: [epoch 141]  average training loss: 3600.0422
cellbender:remove-background: Saving a checkpoint...
cellbender:remove-background: Saved checkpoint as /home/quiquevb/Cells2Spine/Cells2Spine/Scripts/CellBender/ckpt.tar.gz
cellbender:remove-background: [epoch 142]  average training loss: 3599.7652
cellbender:remove-background: Saving a checkpoint...
cellbender:remove-background: Saved checkpoint as /home/quiquevb/Cells2Spine/Cells2Spine/Scripts/CellBender/ckpt.tar.gz
cellbender:remove-background: [epoch 143]  average training loss: 3599.2858
cellbender:remove-background: Saving a checkpoint...
cellbender:remove-background: Saved checkpoint as /home/quiquevb/Cells2Spine/Cells2Spine/Scripts/CellBender/ckpt.tar.gz
cellbender:remove-background: [epoch 144]  average training loss: 3599.8350
cellbender:remove-background: Saving a checkpoint...
cellbender:remove-background: Saved checkpoint as /home/quiquevb/Cells2Spine/Cells2Spine/Scripts/CellBender/ckpt.tar.gz
cellbender:remove-background: [epoch 145]  average training loss: 3600.0459
cellbender:remove-background: [epoch 145] average test loss: 3640.1836
cellbender:remove-background: Saving a checkpoint...
cellbender:remove-background: Saved checkpoint as /home/quiquevb/Cells2Spine/Cells2Spine/Scripts/CellBender/ckpt.tar.gz
cellbender:remove-background: [epoch 146]  average training loss: 3600.1240
cellbender:remove-background: Saving a checkpoint...
cellbender:remove-background: Saved checkpoint as /home/quiquevb/Cells2Spine/Cells2Spine/Scripts/CellBender/ckpt.tar.gz
cellbender:remove-background: [epoch 147]  average training loss: 3598.8795
cellbender:remove-background: Saving a checkpoint...
cellbender:remove-background: Saved checkpoint as /home/quiquevb/Cells2Spine/Cells2Spine/Scripts/CellBender/ckpt.tar.gz
cellbender:remove-background: [epoch 148]  average training loss: 3599.7913
cellbender:remove-background: Saving a checkpoint...
cellbender:remove-background: Saved checkpoint as /home/quiquevb/Cells2Spine/Cells2Spine/Scripts/CellBender/ckpt.tar.gz
cellbender:remove-background: [epoch 149]  average training loss: 3600.0368
cellbender:remove-background: Saving a checkpoint...
cellbender:remove-background: Saved checkpoint as /home/quiquevb/Cells2Spine/Cells2Spine/Scripts/CellBender/ckpt.tar.gz
cellbender:remove-background: [epoch 150]  average training loss: 3599.4736
cellbender:remove-background: [epoch 150] average test loss: 3642.7479
cellbender:remove-background: Saving a checkpoint...
cellbender:remove-background: Saved checkpoint as /home/quiquevb/Cells2Spine/Cells2Spine/Scripts/CellBender/ckpt.tar.gz
cellbender:remove-background: 2025-02-02 20:36:08
cellbender:remove-background: Inference procedure complete.
cellbender:remove-background: Attempting to unpack tarball "ckpt.tar.gz" to /scr/quiquevb/tmp/tmp2p0b9xd5
cellbender:remove-background: Successfully unpacked tarball to /scr/quiquevb/tmp/tmp2p0b9xd5
/scr/quiquevb/tmp/tmp2p0b9xd5/9a762fbad1_params.pyro
/scr/quiquevb/tmp/tmp2p0b9xd5/9a762fbad1_test.loaderstate
/scr/quiquevb/tmp/tmp2p0b9xd5/9a762fbad1_args.npy
/scr/quiquevb/tmp/tmp2p0b9xd5/9a762fbad1_random.pyro
/scr/quiquevb/tmp/tmp2p0b9xd5/9a762fbad1_model.torch
/scr/quiquevb/tmp/tmp2p0b9xd5/9a762fbad1_optim.pyro
/scr/quiquevb/tmp/tmp2p0b9xd5/9a762fbad1_optim.torch
/scr/quiquevb/tmp/tmp2p0b9xd5/9a762fbad1_train.loaderstate
cellbender:remove-background: Posterior not currently included in checkpoint.
cellbender:remove-background: Computing posterior noise count probabilities in mini-batches.
cellbender:remove-background: Working on chunk (1/254)
cellbender:remove-background:     [0.78 mins per chunk]
cellbender:remove-background: Working on chunk (2/254)
cellbender:remove-background: Working on chunk (3/254)
cellbender:remove-background: Working on chunk (4/254)
cellbender:remove-background: Working on chunk (5/254)
cellbender:remove-background: Working on chunk (6/254)
cellbender:remove-background: Working on chunk (7/254)
cellbender:remove-background: Working on chunk (8/254)
cellbender:remove-background: Working on chunk (9/254)
cellbender:remove-background: Working on chunk (10/254)
cellbender:remove-background: Working on chunk (11/254)
cellbender:remove-background: Working on chunk (12/254)
cellbender:remove-background: Working on chunk (13/254)
cellbender:remove-background: Working on chunk (14/254)
cellbender:remove-background: Working on chunk (15/254)
cellbender:remove-background: Working on chunk (16/254)
cellbender:remove-background: Working on chunk (17/254)
cellbender:remove-background: Working on chunk (18/254)
cellbender:remove-background: Working on chunk (19/254)
cellbender:remove-background: Working on chunk (20/254)
cellbender:remove-background: Working on chunk (21/254)
cellbender:remove-background: Working on chunk (22/254)
cellbender:remove-background: Working on chunk (23/254)
cellbender:remove-background: Working on chunk (24/254)
cellbender:remove-background: Working on chunk (25/254)
cellbender:remove-background: Working on chunk (26/254)
cellbender:remove-background: Working on chunk (27/254)
cellbender:remove-background: Working on chunk (28/254)
cellbender:remove-background: Working on chunk (29/254)
cellbender:remove-background: Working on chunk (30/254)
cellbender:remove-background: Working on chunk (31/254)
cellbender:remove-background: Working on chunk (32/254)
cellbender:remove-background: Working on chunk (33/254)
cellbender:remove-background: Working on chunk (34/254)
cellbender:remove-background: Working on chunk (35/254)
cellbender:remove-background: Working on chunk (36/254)
cellbender:remove-background: Working on chunk (37/254)
cellbender:remove-background: Working on chunk (38/254)
cellbender:remove-background: Working on chunk (39/254)
cellbender:remove-background: Working on chunk (40/254)
cellbender:remove-background: Working on chunk (41/254)
cellbender:remove-background: Working on chunk (42/254)
cellbender:remove-background: Working on chunk (43/254)
cellbender:remove-background: Working on chunk (44/254)
cellbender:remove-background: Working on chunk (45/254)
cellbender:remove-background: Working on chunk (46/254)
cellbender:remove-background: Working on chunk (47/254)
cellbender:remove-background: Working on chunk (48/254)
cellbender:remove-background: Working on chunk (49/254)
cellbender:remove-background: Working on chunk (50/254)
cellbender:remove-background: Working on chunk (51/254)
cellbender:remove-background: Working on chunk (52/254)
cellbender:remove-background: Working on chunk (53/254)
cellbender:remove-background: Working on chunk (54/254)
cellbender:remove-background: Working on chunk (55/254)
cellbender:remove-background: Working on chunk (56/254)
cellbender:remove-background: Working on chunk (57/254)
cellbender:remove-background: Working on chunk (58/254)
cellbender:remove-background: Working on chunk (59/254)
cellbender:remove-background: Working on chunk (60/254)
cellbender:remove-background: Working on chunk (61/254)
cellbender:remove-background: Working on chunk (62/254)
cellbender:remove-background: Working on chunk (63/254)
cellbender:remove-background: Working on chunk (64/254)
cellbender:remove-background: Working on chunk (65/254)
cellbender:remove-background: Working on chunk (66/254)
cellbender:remove-background: Working on chunk (67/254)
cellbender:remove-background: Working on chunk (68/254)
cellbender:remove-background: Working on chunk (69/254)
cellbender:remove-background: Working on chunk (70/254)
cellbender:remove-background: Working on chunk (71/254)
cellbender:remove-background: Working on chunk (72/254)
cellbender:remove-background: Working on chunk (73/254)
cellbender:remove-background: Working on chunk (74/254)
cellbender:remove-background: Working on chunk (75/254)
cellbender:remove-background: Working on chunk (76/254)
cellbender:remove-background: Working on chunk (77/254)
cellbender:remove-background: Working on chunk (78/254)
cellbender:remove-background: Working on chunk (79/254)
cellbender:remove-background: Working on chunk (80/254)
cellbender:remove-background: Working on chunk (81/254)
cellbender:remove-background: Working on chunk (82/254)
cellbender:remove-background: Working on chunk (83/254)
cellbender:remove-background: Working on chunk (84/254)
cellbender:remove-background: Working on chunk (85/254)
cellbender:remove-background: Working on chunk (86/254)
cellbender:remove-background: Working on chunk (87/254)
cellbender:remove-background: Working on chunk (88/254)
cellbender:remove-background: Working on chunk (89/254)
cellbender:remove-background: Working on chunk (90/254)
cellbender:remove-background: Working on chunk (91/254)
cellbender:remove-background: Working on chunk (92/254)
cellbender:remove-background: Working on chunk (93/254)
cellbender:remove-background: Working on chunk (94/254)
cellbender:remove-background: Working on chunk (95/254)
cellbender:remove-background: Working on chunk (96/254)
cellbender:remove-background: Working on chunk (97/254)
cellbender:remove-background: Working on chunk (98/254)
cellbender:remove-background: Working on chunk (99/254)
cellbender:remove-background: Working on chunk (100/254)
cellbender:remove-background: Working on chunk (101/254)
cellbender:remove-background: Working on chunk (102/254)
cellbender:remove-background: Working on chunk (103/254)
cellbender:remove-background: Working on chunk (104/254)
cellbender:remove-background: Working on chunk (105/254)
cellbender:remove-background: Working on chunk (106/254)
cellbender:remove-background: Working on chunk (107/254)
cellbender:remove-background: Working on chunk (108/254)
cellbender:remove-background: Working on chunk (109/254)
cellbender:remove-background: Working on chunk (110/254)
cellbender:remove-background: Working on chunk (111/254)
cellbender:remove-background: Working on chunk (112/254)
cellbender:remove-background: Working on chunk (113/254)
cellbender:remove-background: Working on chunk (114/254)
cellbender:remove-background: Working on chunk (115/254)
cellbender:remove-background: Working on chunk (116/254)
cellbender:remove-background: Working on chunk (117/254)
cellbender:remove-background: Working on chunk (118/254)
cellbender:remove-background: Working on chunk (119/254)
cellbender:remove-background: Working on chunk (120/254)
cellbender:remove-background: Working on chunk (121/254)
cellbender:remove-background: Working on chunk (122/254)
cellbender:remove-background: Working on chunk (123/254)
cellbender:remove-background: Working on chunk (124/254)
cellbender:remove-background: Working on chunk (125/254)
cellbender:remove-background: Working on chunk (126/254)
cellbender:remove-background: Working on chunk (127/254)
cellbender:remove-background: Working on chunk (128/254)
cellbender:remove-background: Working on chunk (129/254)
cellbender:remove-background: Working on chunk (130/254)
cellbender:remove-background: Working on chunk (131/254)
cellbender:remove-background: Working on chunk (132/254)
cellbender:remove-background: Working on chunk (133/254)
cellbender:remove-background: Working on chunk (134/254)
cellbender:remove-background: Working on chunk (135/254)
cellbender:remove-background: Working on chunk (136/254)
cellbender:remove-background: Working on chunk (137/254)
cellbender:remove-background: Working on chunk (138/254)
cellbender:remove-background: Working on chunk (139/254)
cellbender:remove-background: Working on chunk (140/254)
cellbender:remove-background: Working on chunk (141/254)
cellbender:remove-background: Working on chunk (142/254)
cellbender:remove-background: Working on chunk (143/254)
cellbender:remove-background: Working on chunk (144/254)
cellbender:remove-background: Working on chunk (145/254)
cellbender:remove-background: Working on chunk (146/254)
cellbender:remove-background: Working on chunk (147/254)
cellbender:remove-background: Working on chunk (148/254)
cellbender:remove-background: Working on chunk (149/254)
cellbender:remove-background: Working on chunk (150/254)
cellbender:remove-background: Working on chunk (151/254)
cellbender:remove-background: Working on chunk (152/254)
cellbender:remove-background: Working on chunk (153/254)
cellbender:remove-background: Working on chunk (154/254)
cellbender:remove-background: Working on chunk (155/254)
cellbender:remove-background: Working on chunk (156/254)
cellbender:remove-background: Working on chunk (157/254)
cellbender:remove-background: Working on chunk (158/254)
cellbender:remove-background: Working on chunk (159/254)
cellbender:remove-background: Working on chunk (160/254)
cellbender:remove-background: Working on chunk (161/254)
cellbender:remove-background: Working on chunk (162/254)
cellbender:remove-background: Working on chunk (163/254)
cellbender:remove-background: Working on chunk (164/254)
cellbender:remove-background: Working on chunk (165/254)
cellbender:remove-background: Working on chunk (166/254)
cellbender:remove-background: Working on chunk (167/254)
cellbender:remove-background: Working on chunk (168/254)
cellbender:remove-background: Working on chunk (169/254)
cellbender:remove-background: Working on chunk (170/254)
cellbender:remove-background: Working on chunk (171/254)
cellbender:remove-background: Working on chunk (172/254)
cellbender:remove-background: Working on chunk (173/254)
cellbender:remove-background: Working on chunk (174/254)
cellbender:remove-background: Working on chunk (175/254)
cellbender:remove-background: Working on chunk (176/254)
cellbender:remove-background: Working on chunk (177/254)
cellbender:remove-background: Working on chunk (178/254)
cellbender:remove-background: Working on chunk (179/254)
cellbender:remove-background: Working on chunk (180/254)
cellbender:remove-background: Working on chunk (181/254)
cellbender:remove-background: Working on chunk (182/254)
cellbender:remove-background: Working on chunk (183/254)
cellbender:remove-background: Working on chunk (184/254)
cellbender:remove-background: Working on chunk (185/254)
cellbender:remove-background: Working on chunk (186/254)
cellbender:remove-background: Working on chunk (187/254)
cellbender:remove-background: Working on chunk (188/254)
cellbender:remove-background: Working on chunk (189/254)
cellbender:remove-background: Working on chunk (190/254)
cellbender:remove-background: Working on chunk (191/254)
cellbender:remove-background: Working on chunk (192/254)
cellbender:remove-background: Working on chunk (193/254)
cellbender:remove-background: Working on chunk (194/254)
cellbender:remove-background: Working on chunk (195/254)
cellbender:remove-background: Working on chunk (196/254)
cellbender:remove-background: Working on chunk (197/254)
cellbender:remove-background: Working on chunk (198/254)
cellbender:remove-background: Working on chunk (199/254)
cellbender:remove-background: Working on chunk (200/254)
cellbender:remove-background: Working on chunk (201/254)
cellbender:remove-background: Working on chunk (202/254)
cellbender:remove-background: Working on chunk (203/254)
cellbender:remove-background: Working on chunk (204/254)
cellbender:remove-background: Working on chunk (205/254)
cellbender:remove-background: Working on chunk (206/254)
cellbender:remove-background: Working on chunk (207/254)
cellbender:remove-background: Working on chunk (208/254)
cellbender:remove-background: Working on chunk (209/254)
cellbender:remove-background: Working on chunk (210/254)
cellbender:remove-background: Working on chunk (211/254)
cellbender:remove-background: Working on chunk (212/254)
cellbender:remove-background: Working on chunk (213/254)
cellbender:remove-background: Working on chunk (214/254)
cellbender:remove-background: Working on chunk (215/254)
cellbender:remove-background: Working on chunk (216/254)
cellbender:remove-background: Working on chunk (217/254)
cellbender:remove-background: Working on chunk (218/254)
cellbender:remove-background: Working on chunk (219/254)
cellbender:remove-background: Working on chunk (220/254)
cellbender:remove-background: Working on chunk (221/254)
cellbender:remove-background: Working on chunk (222/254)
cellbender:remove-background: Working on chunk (223/254)
cellbender:remove-background: Working on chunk (224/254)
cellbender:remove-background: Working on chunk (225/254)
cellbender:remove-background: Working on chunk (226/254)
cellbender:remove-background: Working on chunk (227/254)
cellbender:remove-background: Working on chunk (228/254)
cellbender:remove-background: Working on chunk (229/254)
cellbender:remove-background: Working on chunk (230/254)
cellbender:remove-background: Working on chunk (231/254)
cellbender:remove-background: Working on chunk (232/254)
cellbender:remove-background: Working on chunk (233/254)
cellbender:remove-background: Working on chunk (234/254)
cellbender:remove-background: Working on chunk (235/254)
cellbender:remove-background: Working on chunk (236/254)
cellbender:remove-background: Working on chunk (237/254)
cellbender:remove-background: Working on chunk (238/254)
cellbender:remove-background: Working on chunk (239/254)
cellbender:remove-background: Working on chunk (240/254)
cellbender:remove-background: Working on chunk (241/254)
cellbender:remove-background: Working on chunk (242/254)
cellbender:remove-background: Working on chunk (243/254)
cellbender:remove-background: Working on chunk (244/254)
cellbender:remove-background: Working on chunk (245/254)
cellbender:remove-background: Working on chunk (246/254)
cellbender:remove-background: Working on chunk (247/254)
cellbender:remove-background: Working on chunk (248/254)
cellbender:remove-background: Working on chunk (249/254)
cellbender:remove-background: Working on chunk (250/254)
cellbender:remove-background: Working on chunk (251/254)
cellbender:remove-background: Working on chunk (252/254)
cellbender:remove-background: Working on chunk (253/254)
cellbender:remove-background: Working on chunk (254/254)
cellbender:remove-background: Writing full posterior to /storage/gge/Quique/Cells2SpineData/Pilot/single-cell/full_seq/Single_Cell__3/HFNHJDSXC/outs/outs/cellbender_filtered_posterior.h5
cellbender:remove-background: Succeeded in writing posterior to file /storage/gge/Quique/Cells2SpineData/Pilot/single-cell/full_seq/Single_Cell__3/HFNHJDSXC/outs/outs/cellbender_filtered_posterior.h5
cellbender:remove-background: Added posterior object to checkpoint file.
cellbender:remove-background: 2025-02-03 00:33:02

cellbender:remove-background: Saved summary plots as /storage/gge/Quique/Cells2SpineData/Pilot/single-cell/full_seq/Single_Cell__3/HFNHJDSXC/outs/outs/cellbender_filtered.pdf
cellbender:remove-background: Saved cell barcodes in /storage/gge/Quique/Cells2SpineData/Pilot/single-cell/full_seq/Single_Cell__3/HFNHJDSXC/outs/outs/cellbender_filtered_cell_barcodes.csv
cellbender:remove-background: Computing target noise counts per gene for MCKP estimator
cellbender:remove-background: Using MCKP noise targets computed for FPR 0.01
cellbender:remove-background: Computing denoised counts using mckp estimator
cellbender:remove-background: Working on chunk (1/7)
cellbender:remove-background:     [5.71 mins per chunk]
cellbender:remove-background: Working on chunk (2/7)
cellbender:remove-background: Working on chunk (3/7)
cellbender:remove-background: Working on chunk (4/7)
cellbender:remove-background: Working on chunk (5/7)
cellbender:remove-background: Working on chunk (6/7)
cellbender:remove-background: Working on chunk (7/7)
cellbender:remove-background: 2025-02-03 01:13:19 Total MCKP estimation time = 2295.14 sec
cellbender:remove-background: Succeeded in writing CellRanger format output to file /storage/gge/Quique/Cells2SpineData/Pilot/single-cell/full_seq/Single_Cell__3/HFNHJDSXC/outs/outs/cellbender_filtered.h5
cellbender:remove-background: Succeeded in writing CellRanger format output to file /storage/gge/Quique/Cells2SpineData/Pilot/single-cell/full_seq/Single_Cell__3/HFNHJDSXC/outs/outs/cellbender_filtered_filtered.h5
cellbender:remove-background: Saved output metrics as /storage/gge/Quique/Cells2SpineData/Pilot/single-cell/full_seq/Single_Cell__3/HFNHJDSXC/outs/outs/cellbender_filtered_metrics.csv
Traceback (most recent call last):
  File "/home/quiquevb/.conda/envs/cellbender/bin/jupyter-nbconvert", line 5, in <module>
    from nbconvert.nbconvertapp import main
  File "/home/quiquevb/.conda/envs/cellbender/lib/python3.7/site-packages/nbconvert/__init__.py", line 5, in <module>
    from .exporters import *
  File "/home/quiquevb/.conda/envs/cellbender/lib/python3.7/site-packages/nbconvert/exporters/__init__.py", line 1, in <module>
    from .asciidoc import ASCIIDocExporter
  File "/home/quiquevb/.conda/envs/cellbender/lib/python3.7/site-packages/nbconvert/exporters/asciidoc.py", line 9, in <module>
    from .templateexporter import TemplateExporter
  File "/home/quiquevb/.conda/envs/cellbender/lib/python3.7/site-packages/nbconvert/exporters/templateexporter.py", line 25, in <module>
    from lxml.html.clean import clean_html
  File "/home/quiquevb/.conda/envs/cellbender/lib/python3.7/site-packages/lxml/html/clean.py", line 21, in <module>
    ) from None
ImportError: lxml.html.clean module is now a separate project lxml_html_clean.
Install lxml[html_clean] or lxml_html_clean directly.
Traceback (most recent call last):
  File "/home/quiquevb/.conda/envs/cellbender/bin/jupyter-nbconvert", line 5, in <module>
    from nbconvert.nbconvertapp import main
  File "/home/quiquevb/.conda/envs/cellbender/lib/python3.7/site-packages/nbconvert/__init__.py", line 5, in <module>
    from .exporters import *
  File "/home/quiquevb/.conda/envs/cellbender/lib/python3.7/site-packages/nbconvert/exporters/__init__.py", line 1, in <module>
    from .asciidoc import ASCIIDocExporter
  File "/home/quiquevb/.conda/envs/cellbender/lib/python3.7/site-packages/nbconvert/exporters/asciidoc.py", line 9, in <module>
    from .templateexporter import TemplateExporter
  File "/home/quiquevb/.conda/envs/cellbender/lib/python3.7/site-packages/nbconvert/exporters/templateexporter.py", line 25, in <module>
    from lxml.html.clean import clean_html
  File "/home/quiquevb/.conda/envs/cellbender/lib/python3.7/site-packages/lxml/html/clean.py", line 21, in <module>
    ) from None
ImportError: lxml.html.clean module is now a separate project lxml_html_clean.
Install lxml[html_clean] or lxml_html_clean directly.
mv: cannot stat 'tmp.report.nbconvert.html': No such file or directory
rm: cannot remove 'tmp.report.nbconvert.ipynb': No such file or directory
cellbender:remove-background: Unable to create report.
cellbender:remove-background: Traceback (most recent call last):
  File "/home/quiquevb/.conda/envs/cellbender/lib/python3.7/site-packages/cellbender/remove_background/run.py", line 351, in compute_output_denoised_counts_reports_metrics
    output=html_report_file,
  File "/home/quiquevb/.conda/envs/cellbender/lib/python3.7/site-packages/cellbender/remove_background/report.py", line 82, in run_notebook_make_html
    title=('CellBender: ' + os.path.basename(output).replace('_report.html', '')),
  File "/home/quiquevb/.conda/envs/cellbender/lib/python3.7/site-packages/cellbender/remove_background/report.py", line 59, in _postprocess_html
    with open(file, mode='r') as f:
FileNotFoundError: [Errno 2] No such file or directory: '/storage/gge/Quique/Cells2SpineData/Pilot/single-cell/full_seq/Single_Cell__3/HFNHJDSXC/outs/outs/cellbender_filtered_report.html'

cellbender:remove-background: Completed remove-background.
cellbender:remove-background: 2025-02-03 01:14:23

