cellbender:remove-background: Command:
cellbender remove-background --input /storage/gge/Quique/Cells2SpineData/Pilot/single-cell/full_seq/Single_Cell_1/HWYVKDSXC/outs/outs/raw_feature_bc_matrix.h5 --output /storage/gge/Quique/Cells2SpineData/Pilot/single-cell/full_seq/Single_Cell_1/HWYVKDSXC/outs/outs/cellbender_filtered.h5
cellbender:remove-background: CellBender 0.3.0
cellbender:remove-background: (Workflow hash 2f4a7a7199)
cellbender:remove-background: 2025-01-27 12:42:18
cellbender:remove-background: Running remove-background
cellbender:remove-background: Loading data from /storage/gge/Quique/Cells2SpineData/Pilot/single-cell/full_seq/Single_Cell_1/HWYVKDSXC/outs/outs/raw_feature_bc_matrix.h5
cellbender:remove-background: CellRanger v3 format
cellbender:remove-background: Features in dataset: 39537 Gene Expression
cellbender:remove-background: Trimming features for inference.
cellbender:remove-background: 26348 features have nonzero counts.
cellbender:remove-background: Prior on counts for cells is 2166
cellbender:remove-background: Prior on counts for empty droplets is 219
cellbender:remove-background: Excluding 3214 features that are estimated to have <= 0.1 background counts in cells.
cellbender:remove-background: Including 23134 features in the analysis.
cellbender:remove-background: Trimming barcodes for inference.
cellbender:remove-background: Excluding barcodes with counts below 109
cellbender:remove-background: Using 12883 probable cell barcodes, plus an additional 34203 barcodes, and 111646 empty droplets.
cellbender:remove-background: Largest surely-empty droplet has 242 UMI counts.
cellbender:remove-background: Attempting to unpack tarball "ckpt.tar.gz" to /tmp/tmpxjvzmv4a
cellbender:remove-background: Successfully unpacked tarball to /tmp/tmpxjvzmv4a
/tmp/tmpxjvzmv4a/9a762fbad1_random.pyro
/tmp/tmpxjvzmv4a/9a762fbad1_model.torch
/tmp/tmpxjvzmv4a/9a762fbad1_optim.torch
/tmp/tmpxjvzmv4a/9a762fbad1_optim.pyro
/tmp/tmpxjvzmv4a/9a762fbad1_params.pyro
/tmp/tmpxjvzmv4a/9a762fbad1_train.loaderstate
/tmp/tmpxjvzmv4a/9a762fbad1_test.loaderstate
/tmp/tmpxjvzmv4a/9a762fbad1_args.npy
cellbender:remove-background: Workflow hash does not match that of checkpoint.
cellbender:remove-background: No checkpoint loaded.
cellbender:remove-background: Running inference...
cellbender:remove-background: [epoch 001]  average training loss: 4217.4047
cellbender:remove-background: [epoch 002]  average training loss: 3443.2412  (2873.3 seconds per epoch)
cellbender:remove-background: Will checkpoint every 1 epochs
cellbender:remove-background: Saving a checkpoint...
cellbender:remove-background: Saved checkpoint as /home/quiquevb/Cells2Spine/Cells2Spine/Scripts/CellBender/ckpt.tar.gz
cellbender:remove-background: [epoch 003]  average training loss: 3284.7028
cellbender:remove-background: Saving a checkpoint...
cellbender:remove-background: Saved checkpoint as /home/quiquevb/Cells2Spine/Cells2Spine/Scripts/CellBender/ckpt.tar.gz
cellbender:remove-background: [epoch 004]  average training loss: 3262.5635
cellbender:remove-background: Saving a checkpoint...
cellbender:remove-background: Saved checkpoint as /home/quiquevb/Cells2Spine/Cells2Spine/Scripts/CellBender/ckpt.tar.gz
cellbender:remove-background: [epoch 005]  average training loss: 3245.1012
cellbender:remove-background: [epoch 005] average test loss: 3283.0690
cellbender:remove-background: Saving a checkpoint...
cellbender:remove-background: Saved checkpoint as /home/quiquevb/Cells2Spine/Cells2Spine/Scripts/CellBender/ckpt.tar.gz
cellbender:remove-background: [epoch 006]  average training loss: 3238.8309
cellbender:remove-background: Saving a checkpoint...
cellbender:remove-background: Saved checkpoint as /home/quiquevb/Cells2Spine/Cells2Spine/Scripts/CellBender/ckpt.tar.gz
cellbender:remove-background: [epoch 007]  average training loss: 3232.4346
cellbender:remove-background: Saving a checkpoint...
cellbender:remove-background: Saved checkpoint as /home/quiquevb/Cells2Spine/Cells2Spine/Scripts/CellBender/ckpt.tar.gz
cellbender:remove-background: [epoch 008]  average training loss: 3225.1067
cellbender:remove-background: Saving a checkpoint...
cellbender:remove-background: Saved checkpoint as /home/quiquevb/Cells2Spine/Cells2Spine/Scripts/CellBender/ckpt.tar.gz
cellbender:remove-background: [epoch 009]  average training loss: 3134.9916
cellbender:remove-background: Saving a checkpoint...
cellbender:remove-background: Saved checkpoint as /home/quiquevb/Cells2Spine/Cells2Spine/Scripts/CellBender/ckpt.tar.gz
cellbender:remove-background: [epoch 010]  average training loss: 3057.5867
cellbender:remove-background: [epoch 010] average test loss: 3060.1289
cellbender:remove-background: Saving a checkpoint...
cellbender:remove-background: Saved checkpoint as /home/quiquevb/Cells2Spine/Cells2Spine/Scripts/CellBender/ckpt.tar.gz
cellbender:remove-background: [epoch 011]  average training loss: 3028.4862
cellbender:remove-background: Saving a checkpoint...
cellbender:remove-background: Saved checkpoint as /home/quiquevb/Cells2Spine/Cells2Spine/Scripts/CellBender/ckpt.tar.gz
cellbender:remove-background: [epoch 012]  average training loss: 3011.1295
cellbender:remove-background: Saving a checkpoint...
cellbender:remove-background: Saved checkpoint as /home/quiquevb/Cells2Spine/Cells2Spine/Scripts/CellBender/ckpt.tar.gz
cellbender:remove-background: [epoch 013]  average training loss: 2995.8627
cellbender:remove-background: Saving a checkpoint...
cellbender:remove-background: Saved checkpoint as /home/quiquevb/Cells2Spine/Cells2Spine/Scripts/CellBender/ckpt.tar.gz
cellbender:remove-background: [epoch 014]  average training loss: 2982.8466
cellbender:remove-background: Saving a checkpoint...
cellbender:remove-background: Saved checkpoint as /home/quiquevb/Cells2Spine/Cells2Spine/Scripts/CellBender/ckpt.tar.gz
cellbender:remove-background: [epoch 015]  average training loss: 2974.4736
cellbender:remove-background: [epoch 015] average test loss: 2977.7489
cellbender:remove-background: Saving a checkpoint...
cellbender:remove-background: Saved checkpoint as /home/quiquevb/Cells2Spine/Cells2Spine/Scripts/CellBender/ckpt.tar.gz
cellbender:remove-background: [epoch 016]  average training loss: 2967.6831
cellbender:remove-background: Saving a checkpoint...
cellbender:remove-background: Saved checkpoint as /home/quiquevb/Cells2Spine/Cells2Spine/Scripts/CellBender/ckpt.tar.gz
cellbender:remove-background: [epoch 017]  average training loss: 2963.0432
cellbender:remove-background: Saving a checkpoint...
cellbender:remove-background: Saved checkpoint as /home/quiquevb/Cells2Spine/Cells2Spine/Scripts/CellBender/ckpt.tar.gz
cellbender:remove-background: [epoch 018]  average training loss: 2959.0941
cellbender:remove-background: Saving a checkpoint...
cellbender:remove-background: Saved checkpoint as /home/quiquevb/Cells2Spine/Cells2Spine/Scripts/CellBender/ckpt.tar.gz
cellbender:remove-background: [epoch 019]  average training loss: 2956.6197
cellbender:remove-background: Saving a checkpoint...
cellbender:remove-background: Saved checkpoint as /home/quiquevb/Cells2Spine/Cells2Spine/Scripts/CellBender/ckpt.tar.gz
cellbender:remove-background: [epoch 020]  average training loss: 2951.7935
cellbender:remove-background: [epoch 020] average test loss: 2964.5490
cellbender:remove-background: Saving a checkpoint...
cellbender:remove-background: Could not save checkpoint
cellbender:remove-background: Traceback (most recent call last):
  File "/home/quiquevb/.conda/envs/cellbender/lib/python3.7/site-packages/cellbender/remove_background/checkpoint.py", line 140, in save_checkpoint
    make_tarball(files=file_list, tarball_name=tarball_name)
  File "/home/quiquevb/.conda/envs/cellbender/lib/python3.7/site-packages/cellbender/remove_background/checkpoint.py", line 300, in make_tarball
    os.rename(tarball_name + '.tmp', tarball_name)
FileNotFoundError: [Errno 2] No such file or directory: 'ckpt.tar.gz.tmp' -> 'ckpt.tar.gz'

cellbender:remove-background: [epoch 021]  average training loss: 2947.2213
cellbender:remove-background: Saving a checkpoint...
cellbender:remove-background: Saved checkpoint as /home/quiquevb/Cells2Spine/Cells2Spine/Scripts/CellBender/ckpt.tar.gz
cellbender:remove-background: [epoch 022]  average training loss: 2944.4352
cellbender:remove-background: Saving a checkpoint...
cellbender:remove-background: Saved checkpoint as /home/quiquevb/Cells2Spine/Cells2Spine/Scripts/CellBender/ckpt.tar.gz
cellbender:remove-background: [epoch 023]  average training loss: 2943.0926
cellbender:remove-background: Saving a checkpoint...
cellbender:remove-background: Saved checkpoint as /home/quiquevb/Cells2Spine/Cells2Spine/Scripts/CellBender/ckpt.tar.gz
cellbender:remove-background: [epoch 024]  average training loss: 2941.0927
cellbender:remove-background: Saving a checkpoint...
cellbender:remove-background: Saved checkpoint as /home/quiquevb/Cells2Spine/Cells2Spine/Scripts/CellBender/ckpt.tar.gz
cellbender:remove-background: [epoch 025]  average training loss: 2938.8039
cellbender:remove-background: [epoch 025] average test loss: 2952.1622
cellbender:remove-background: Saving a checkpoint...
cellbender:remove-background: Saved checkpoint as /home/quiquevb/Cells2Spine/Cells2Spine/Scripts/CellBender/ckpt.tar.gz
cellbender:remove-background: [epoch 026]  average training loss: 2937.1884
cellbender:remove-background: Saving a checkpoint...
cellbender:remove-background: Saved checkpoint as /home/quiquevb/Cells2Spine/Cells2Spine/Scripts/CellBender/ckpt.tar.gz
cellbender:remove-background: [epoch 027]  average training loss: 2934.8113
cellbender:remove-background: Saving a checkpoint...
cellbender:remove-background: Saved checkpoint as /home/quiquevb/Cells2Spine/Cells2Spine/Scripts/CellBender/ckpt.tar.gz
cellbender:remove-background: [epoch 028]  average training loss: 2932.6671
cellbender:remove-background: Saving a checkpoint...
cellbender:remove-background: Saved checkpoint as /home/quiquevb/Cells2Spine/Cells2Spine/Scripts/CellBender/ckpt.tar.gz
cellbender:remove-background: [epoch 029]  average training loss: 2930.2826
cellbender:remove-background: Saving a checkpoint...
cellbender:remove-background: Saved checkpoint as /home/quiquevb/Cells2Spine/Cells2Spine/Scripts/CellBender/ckpt.tar.gz
cellbender:remove-background: [epoch 030]  average training loss: 2927.1751
cellbender:remove-background: [epoch 030] average test loss: 2934.6012
cellbender:remove-background: Saving a checkpoint...
cellbender:remove-background: Saved checkpoint as /home/quiquevb/Cells2Spine/Cells2Spine/Scripts/CellBender/ckpt.tar.gz
cellbender:remove-background: [epoch 031]  average training loss: 2924.7488
cellbender:remove-background: Saving a checkpoint...
cellbender:remove-background: Saved checkpoint as /home/quiquevb/Cells2Spine/Cells2Spine/Scripts/CellBender/ckpt.tar.gz
cellbender:remove-background: [epoch 032]  average training loss: 2921.9360
cellbender:remove-background: Saving a checkpoint...
cellbender:remove-background: Saved checkpoint as /home/quiquevb/Cells2Spine/Cells2Spine/Scripts/CellBender/ckpt.tar.gz
cellbender:remove-background: [epoch 033]  average training loss: 2926.6114
cellbender:remove-background: Saving a checkpoint...
cellbender:remove-background: Saved checkpoint as /home/quiquevb/Cells2Spine/Cells2Spine/Scripts/CellBender/ckpt.tar.gz
cellbender:remove-background: [epoch 034]  average training loss: 2937.8040
cellbender:remove-background: Saving a checkpoint...
cellbender:remove-background: Saved checkpoint as /home/quiquevb/Cells2Spine/Cells2Spine/Scripts/CellBender/ckpt.tar.gz
cellbender:remove-background: [epoch 035]  average training loss: 2943.0454
cellbender:remove-background: [epoch 035] average test loss: 2945.7780
cellbender:remove-background: Saving a checkpoint...
cellbender:remove-background: Saved checkpoint as /home/quiquevb/Cells2Spine/Cells2Spine/Scripts/CellBender/ckpt.tar.gz
cellbender:remove-background: [epoch 036]  average training loss: 2938.5492
cellbender:remove-background: Saving a checkpoint...
cellbender:remove-background: Saved checkpoint as /home/quiquevb/Cells2Spine/Cells2Spine/Scripts/CellBender/ckpt.tar.gz
cellbender:remove-background: [epoch 037]  average training loss: 2933.9820
cellbender:remove-background: Saving a checkpoint...
cellbender:remove-background: Saved checkpoint as /home/quiquevb/Cells2Spine/Cells2Spine/Scripts/CellBender/ckpt.tar.gz
cellbender:remove-background: [epoch 038]  average training loss: 2928.6707
cellbender:remove-background: Saving a checkpoint...
cellbender:remove-background: Saved checkpoint as /home/quiquevb/Cells2Spine/Cells2Spine/Scripts/CellBender/ckpt.tar.gz
cellbender:remove-background: [epoch 039]  average training loss: 2924.8743
cellbender:remove-background: Saving a checkpoint...
cellbender:remove-background: Saved checkpoint as /home/quiquevb/Cells2Spine/Cells2Spine/Scripts/CellBender/ckpt.tar.gz
cellbender:remove-background: [epoch 040]  average training loss: 2922.5878
cellbender:remove-background: [epoch 040] average test loss: 2928.5214
cellbender:remove-background: Saving a checkpoint...
cellbender:remove-background: Saved checkpoint as /home/quiquevb/Cells2Spine/Cells2Spine/Scripts/CellBender/ckpt.tar.gz
cellbender:remove-background: [epoch 041]  average training loss: 2918.2236
cellbender:remove-background: Saving a checkpoint...
cellbender:remove-background: Saved checkpoint as /home/quiquevb/Cells2Spine/Cells2Spine/Scripts/CellBender/ckpt.tar.gz
cellbender:remove-background: [epoch 042]  average training loss: 2916.0101
cellbender:remove-background: Saving a checkpoint...
cellbender:remove-background: Saved checkpoint as /home/quiquevb/Cells2Spine/Cells2Spine/Scripts/CellBender/ckpt.tar.gz
cellbender:remove-background: [epoch 043]  average training loss: 2914.0035
cellbender:remove-background: Saving a checkpoint...
cellbender:remove-background: Saved checkpoint as /home/quiquevb/Cells2Spine/Cells2Spine/Scripts/CellBender/ckpt.tar.gz
cellbender:remove-background: [epoch 044]  average training loss: 2912.1630
cellbender:remove-background: Saving a checkpoint...
cellbender:remove-background: Saved checkpoint as /home/quiquevb/Cells2Spine/Cells2Spine/Scripts/CellBender/ckpt.tar.gz
cellbender:remove-background: [epoch 045]  average training loss: 2908.8280
cellbender:remove-background: [epoch 045] average test loss: 2928.1568
cellbender:remove-background: Saving a checkpoint...
cellbender:remove-background: Saved checkpoint as /home/quiquevb/Cells2Spine/Cells2Spine/Scripts/CellBender/ckpt.tar.gz
cellbender:remove-background: [epoch 046]  average training loss: 2908.5821
cellbender:remove-background: Saving a checkpoint...
cellbender:remove-background: Saved checkpoint as /home/quiquevb/Cells2Spine/Cells2Spine/Scripts/CellBender/ckpt.tar.gz
cellbender:remove-background: [epoch 047]  average training loss: 2907.0506
cellbender:remove-background: Saving a checkpoint...
cellbender:remove-background: Saved checkpoint as /home/quiquevb/Cells2Spine/Cells2Spine/Scripts/CellBender/ckpt.tar.gz
cellbender:remove-background: [epoch 048]  average training loss: 2906.4424
cellbender:remove-background: Saving a checkpoint...
cellbender:remove-background: Saved checkpoint as /home/quiquevb/Cells2Spine/Cells2Spine/Scripts/CellBender/ckpt.tar.gz
cellbender:remove-background: [epoch 049]  average training loss: 2904.2249
cellbender:remove-background: Saving a checkpoint...
cellbender:remove-background: Saved checkpoint as /home/quiquevb/Cells2Spine/Cells2Spine/Scripts/CellBender/ckpt.tar.gz
cellbender:remove-background: [epoch 050]  average training loss: 2903.1193
cellbender:remove-background: [epoch 050] average test loss: 2925.5862
cellbender:remove-background: Saving a checkpoint...
cellbender:remove-background: Saved checkpoint as /home/quiquevb/Cells2Spine/Cells2Spine/Scripts/CellBender/ckpt.tar.gz
cellbender:remove-background: [epoch 051]  average training loss: 2901.9396
cellbender:remove-background: Saving a checkpoint...
cellbender:remove-background: Saved checkpoint as /home/quiquevb/Cells2Spine/Cells2Spine/Scripts/CellBender/ckpt.tar.gz
cellbender:remove-background: [epoch 052]  average training loss: 2901.2589
cellbender:remove-background: Saving a checkpoint...
cellbender:remove-background: Saved checkpoint as /home/quiquevb/Cells2Spine/Cells2Spine/Scripts/CellBender/ckpt.tar.gz
cellbender:remove-background: [epoch 053]  average training loss: 2900.1622
cellbender:remove-background: Saving a checkpoint...
cellbender:remove-background: Saved checkpoint as /home/quiquevb/Cells2Spine/Cells2Spine/Scripts/CellBender/ckpt.tar.gz
cellbender:remove-background: [epoch 054]  average training loss: 2899.8282
cellbender:remove-background: Saving a checkpoint...
cellbender:remove-background: Saved checkpoint as /home/quiquevb/Cells2Spine/Cells2Spine/Scripts/CellBender/ckpt.tar.gz
cellbender:remove-background: [epoch 055]  average training loss: 2898.5549
cellbender:remove-background: [epoch 055] average test loss: 2928.2939
cellbender:remove-background: Saving a checkpoint...
cellbender:remove-background: Saved checkpoint as /home/quiquevb/Cells2Spine/Cells2Spine/Scripts/CellBender/ckpt.tar.gz
cellbender:remove-background: [epoch 056]  average training loss: 2899.9684
cellbender:remove-background: Saving a checkpoint...
cellbender:remove-background: Saved checkpoint as /home/quiquevb/Cells2Spine/Cells2Spine/Scripts/CellBender/ckpt.tar.gz
cellbender:remove-background: [epoch 057]  average training loss: 2898.5643
cellbender:remove-background: Saving a checkpoint...
cellbender:remove-background: Saved checkpoint as /home/quiquevb/Cells2Spine/Cells2Spine/Scripts/CellBender/ckpt.tar.gz
cellbender:remove-background: [epoch 058]  average training loss: 2896.4902
cellbender:remove-background: Saving a checkpoint...
cellbender:remove-background: Saved checkpoint as /home/quiquevb/Cells2Spine/Cells2Spine/Scripts/CellBender/ckpt.tar.gz
cellbender:remove-background: [epoch 059]  average training loss: 2897.3190
cellbender:remove-background: Saving a checkpoint...
cellbender:remove-background: Saved checkpoint as /home/quiquevb/Cells2Spine/Cells2Spine/Scripts/CellBender/ckpt.tar.gz
cellbender:remove-background: [epoch 060]  average training loss: 2895.3746
cellbender:remove-background: [epoch 060] average test loss: 2929.9602
cellbender:remove-background: Saving a checkpoint...
cellbender:remove-background: Saved checkpoint as /home/quiquevb/Cells2Spine/Cells2Spine/Scripts/CellBender/ckpt.tar.gz
cellbender:remove-background: [epoch 061]  average training loss: 2895.7140
cellbender:remove-background: Saving a checkpoint...
cellbender:remove-background: Saved checkpoint as /home/quiquevb/Cells2Spine/Cells2Spine/Scripts/CellBender/ckpt.tar.gz
cellbender:remove-background: [epoch 062]  average training loss: 2895.9375
cellbender:remove-background: Saving a checkpoint...
cellbender:remove-background: Saved checkpoint as /home/quiquevb/Cells2Spine/Cells2Spine/Scripts/CellBender/ckpt.tar.gz
cellbender:remove-background: [epoch 063]  average training loss: 2893.8043
cellbender:remove-background: Saving a checkpoint...
cellbender:remove-background: Saved checkpoint as /home/quiquevb/Cells2Spine/Cells2Spine/Scripts/CellBender/ckpt.tar.gz
cellbender:remove-background: [epoch 064]  average training loss: 2894.0090
cellbender:remove-background: Saving a checkpoint...
cellbender:remove-background: Saved checkpoint as /home/quiquevb/Cells2Spine/Cells2Spine/Scripts/CellBender/ckpt.tar.gz
cellbender:remove-background: [epoch 065]  average training loss: 2892.9394
cellbender:remove-background: [epoch 065] average test loss: 2927.5769
cellbender:remove-background: Saving a checkpoint...
cellbender:remove-background: Saved checkpoint as /home/quiquevb/Cells2Spine/Cells2Spine/Scripts/CellBender/ckpt.tar.gz
cellbender:remove-background: [epoch 066]  average training loss: 2892.6861
cellbender:remove-background: Saving a checkpoint...
cellbender:remove-background: Saved checkpoint as /home/quiquevb/Cells2Spine/Cells2Spine/Scripts/CellBender/ckpt.tar.gz
cellbender:remove-background: [epoch 067]  average training loss: 2893.3271
cellbender:remove-background: Saving a checkpoint...
cellbender:remove-background: Saved checkpoint as /home/quiquevb/Cells2Spine/Cells2Spine/Scripts/CellBender/ckpt.tar.gz
cellbender:remove-background: [epoch 068]  average training loss: 2891.1055
cellbender:remove-background: Saving a checkpoint...
cellbender:remove-background: Saved checkpoint as /home/quiquevb/Cells2Spine/Cells2Spine/Scripts/CellBender/ckpt.tar.gz
cellbender:remove-background: [epoch 069]  average training loss: 2890.4596
cellbender:remove-background: Saving a checkpoint...
cellbender:remove-background: Saved checkpoint as /home/quiquevb/Cells2Spine/Cells2Spine/Scripts/CellBender/ckpt.tar.gz
cellbender:remove-background: [epoch 070]  average training loss: 2890.7282
cellbender:remove-background: [epoch 070] average test loss: 2906.2567
cellbender:remove-background: Saving a checkpoint...
cellbender:remove-background: Saved checkpoint as /home/quiquevb/Cells2Spine/Cells2Spine/Scripts/CellBender/ckpt.tar.gz
cellbender:remove-background: [epoch 071]  average training loss: 2891.6367
cellbender:remove-background: Saving a checkpoint...
cellbender:remove-background: Saved checkpoint as /home/quiquevb/Cells2Spine/Cells2Spine/Scripts/CellBender/ckpt.tar.gz
cellbender:remove-background: [epoch 072]  average training loss: 2891.8724
cellbender:remove-background: Saving a checkpoint...
cellbender:remove-background: Saved checkpoint as /home/quiquevb/Cells2Spine/Cells2Spine/Scripts/CellBender/ckpt.tar.gz
cellbender:remove-background: [epoch 073]  average training loss: 2891.6327
cellbender:remove-background: Saving a checkpoint...
cellbender:remove-background: Could not save checkpoint
cellbender:remove-background: Traceback (most recent call last):
  File "/home/quiquevb/.conda/envs/cellbender/lib/python3.7/site-packages/cellbender/remove_background/checkpoint.py", line 140, in save_checkpoint
    make_tarball(files=file_list, tarball_name=tarball_name)
  File "/home/quiquevb/.conda/envs/cellbender/lib/python3.7/site-packages/cellbender/remove_background/checkpoint.py", line 300, in make_tarball
    os.rename(tarball_name + '.tmp', tarball_name)
FileNotFoundError: [Errno 2] No such file or directory: 'ckpt.tar.gz.tmp' -> 'ckpt.tar.gz'

cellbender:remove-background: [epoch 074]  average training loss: 2890.2398
cellbender:remove-background: Saving a checkpoint...
cellbender:remove-background: Saved checkpoint as /home/quiquevb/Cells2Spine/Cells2Spine/Scripts/CellBender/ckpt.tar.gz
cellbender:remove-background: [epoch 075]  average training loss: 2889.8573
cellbender:remove-background: [epoch 075] average test loss: 2922.3703
cellbender:remove-background: Saving a checkpoint...
cellbender:remove-background: Saved checkpoint as /home/quiquevb/Cells2Spine/Cells2Spine/Scripts/CellBender/ckpt.tar.gz
cellbender:remove-background: [epoch 076]  average training loss: 2890.1808
cellbender:remove-background: Saving a checkpoint...
cellbender:remove-background: Saved checkpoint as /home/quiquevb/Cells2Spine/Cells2Spine/Scripts/CellBender/ckpt.tar.gz
cellbender:remove-background: [epoch 077]  average training loss: 2889.8388
cellbender:remove-background: Saving a checkpoint...
cellbender:remove-background: Saved checkpoint as /home/quiquevb/Cells2Spine/Cells2Spine/Scripts/CellBender/ckpt.tar.gz
cellbender:remove-background: [epoch 078]  average training loss: 2888.8590
cellbender:remove-background: Saving a checkpoint...
cellbender:remove-background: Saved checkpoint as /home/quiquevb/Cells2Spine/Cells2Spine/Scripts/CellBender/ckpt.tar.gz
cellbender:remove-background: [epoch 079]  average training loss: 2888.5603
cellbender:remove-background: Saving a checkpoint...
cellbender:remove-background: Saved checkpoint as /home/quiquevb/Cells2Spine/Cells2Spine/Scripts/CellBender/ckpt.tar.gz
cellbender:remove-background: [epoch 080]  average training loss: 2886.6438
cellbender:remove-background: [epoch 080] average test loss: 2926.8070
cellbender:remove-background: Saving a checkpoint...
cellbender:remove-background: Saved checkpoint as /home/quiquevb/Cells2Spine/Cells2Spine/Scripts/CellBender/ckpt.tar.gz
cellbender:remove-background: [epoch 081]  average training loss: 2887.1201
cellbender:remove-background: Saving a checkpoint...
cellbender:remove-background: Saved checkpoint as /home/quiquevb/Cells2Spine/Cells2Spine/Scripts/CellBender/ckpt.tar.gz
cellbender:remove-background: [epoch 082]  average training loss: 2886.7402
cellbender:remove-background: Saving a checkpoint...
cellbender:remove-background: Saved checkpoint as /home/quiquevb/Cells2Spine/Cells2Spine/Scripts/CellBender/ckpt.tar.gz
cellbender:remove-background: [epoch 083]  average training loss: 2885.5731
cellbender:remove-background: Saving a checkpoint...
cellbender:remove-background: Saved checkpoint as /home/quiquevb/Cells2Spine/Cells2Spine/Scripts/CellBender/ckpt.tar.gz
cellbender:remove-background: [epoch 084]  average training loss: 2885.7208
cellbender:remove-background: Saving a checkpoint...
cellbender:remove-background: Saved checkpoint as /home/quiquevb/Cells2Spine/Cells2Spine/Scripts/CellBender/ckpt.tar.gz
cellbender:remove-background: [epoch 085]  average training loss: 2885.7557
cellbender:remove-background: [epoch 085] average test loss: 2913.4215
cellbender:remove-background: Saving a checkpoint...
cellbender:remove-background: Saved checkpoint as /home/quiquevb/Cells2Spine/Cells2Spine/Scripts/CellBender/ckpt.tar.gz
cellbender:remove-background: [epoch 086]  average training loss: 2885.4386
cellbender:remove-background: Saving a checkpoint...
cellbender:remove-background: Saved checkpoint as /home/quiquevb/Cells2Spine/Cells2Spine/Scripts/CellBender/ckpt.tar.gz
cellbender:remove-background: [epoch 087]  average training loss: 2885.5286
cellbender:remove-background: Saving a checkpoint...
cellbender:remove-background: Saved checkpoint as /home/quiquevb/Cells2Spine/Cells2Spine/Scripts/CellBender/ckpt.tar.gz
cellbender:remove-background: [epoch 088]  average training loss: 2885.5037
cellbender:remove-background: Saving a checkpoint...
cellbender:remove-background: Saved checkpoint as /home/quiquevb/Cells2Spine/Cells2Spine/Scripts/CellBender/ckpt.tar.gz
cellbender:remove-background: [epoch 089]  average training loss: 2886.1519
cellbender:remove-background: Saving a checkpoint...
cellbender:remove-background: Saved checkpoint as /home/quiquevb/Cells2Spine/Cells2Spine/Scripts/CellBender/ckpt.tar.gz
cellbender:remove-background: [epoch 090]  average training loss: 2885.0229
cellbender:remove-background: [epoch 090] average test loss: 2911.0444
cellbender:remove-background: Saving a checkpoint...
cellbender:remove-background: Saved checkpoint as /home/quiquevb/Cells2Spine/Cells2Spine/Scripts/CellBender/ckpt.tar.gz
cellbender:remove-background: [epoch 091]  average training loss: 2886.4044
cellbender:remove-background: Saving a checkpoint...
cellbender:remove-background: Saved checkpoint as /home/quiquevb/Cells2Spine/Cells2Spine/Scripts/CellBender/ckpt.tar.gz
cellbender:remove-background: [epoch 092]  average training loss: 2884.8418
cellbender:remove-background: Saving a checkpoint...
cellbender:remove-background: Saved checkpoint as /home/quiquevb/Cells2Spine/Cells2Spine/Scripts/CellBender/ckpt.tar.gz
cellbender:remove-background: [epoch 093]  average training loss: 2884.8229
cellbender:remove-background: Saving a checkpoint...
cellbender:remove-background: Saved checkpoint as /home/quiquevb/Cells2Spine/Cells2Spine/Scripts/CellBender/ckpt.tar.gz
cellbender:remove-background: [epoch 094]  average training loss: 2885.6165
cellbender:remove-background: Saving a checkpoint...
cellbender:remove-background: Saved checkpoint as /home/quiquevb/Cells2Spine/Cells2Spine/Scripts/CellBender/ckpt.tar.gz
cellbender:remove-background: [epoch 095]  average training loss: 2886.3012
cellbender:remove-background: [epoch 095] average test loss: 2925.7104
cellbender:remove-background: Saving a checkpoint...
cellbender:remove-background: Saved checkpoint as /home/quiquevb/Cells2Spine/Cells2Spine/Scripts/CellBender/ckpt.tar.gz
cellbender:remove-background: [epoch 096]  average training loss: 2886.0750
cellbender:remove-background: Saving a checkpoint...
cellbender:remove-background: Saved checkpoint as /home/quiquevb/Cells2Spine/Cells2Spine/Scripts/CellBender/ckpt.tar.gz
cellbender:remove-background: [epoch 097]  average training loss: 2884.7678
cellbender:remove-background: Saving a checkpoint...
cellbender:remove-background: Saved checkpoint as /home/quiquevb/Cells2Spine/Cells2Spine/Scripts/CellBender/ckpt.tar.gz
cellbender:remove-background: [epoch 098]  average training loss: 2885.5561
cellbender:remove-background: Saving a checkpoint...
cellbender:remove-background: Saved checkpoint as /home/quiquevb/Cells2Spine/Cells2Spine/Scripts/CellBender/ckpt.tar.gz
cellbender:remove-background: [epoch 099]  average training loss: 2885.3622
cellbender:remove-background: Saving a checkpoint...
cellbender:remove-background: Saved checkpoint as /home/quiquevb/Cells2Spine/Cells2Spine/Scripts/CellBender/ckpt.tar.gz
cellbender:remove-background: [epoch 100]  average training loss: 2885.5735
cellbender:remove-background: [epoch 100] average test loss: 2910.3061
cellbender:remove-background: Saving a checkpoint...
cellbender:remove-background: Saved checkpoint as /home/quiquevb/Cells2Spine/Cells2Spine/Scripts/CellBender/ckpt.tar.gz
cellbender:remove-background: [epoch 101]  average training loss: 2885.4100
cellbender:remove-background: Saving a checkpoint...
cellbender:remove-background: Saved checkpoint as /home/quiquevb/Cells2Spine/Cells2Spine/Scripts/CellBender/ckpt.tar.gz
cellbender:remove-background: [epoch 102]  average training loss: 2886.1078
cellbender:remove-background: Saving a checkpoint...
cellbender:remove-background: Saved checkpoint as /home/quiquevb/Cells2Spine/Cells2Spine/Scripts/CellBender/ckpt.tar.gz
cellbender:remove-background: [epoch 103]  average training loss: 2885.0269
cellbender:remove-background: Saving a checkpoint...
cellbender:remove-background: Saved checkpoint as /home/quiquevb/Cells2Spine/Cells2Spine/Scripts/CellBender/ckpt.tar.gz
cellbender:remove-background: [epoch 104]  average training loss: 2885.9515
cellbender:remove-background: Saving a checkpoint...
cellbender:remove-background: Saved checkpoint as /home/quiquevb/Cells2Spine/Cells2Spine/Scripts/CellBender/ckpt.tar.gz
cellbender:remove-background: [epoch 105]  average training loss: 2885.5349
cellbender:remove-background: [epoch 105] average test loss: 2912.9540
cellbender:remove-background: Saving a checkpoint...
cellbender:remove-background: Saved checkpoint as /home/quiquevb/Cells2Spine/Cells2Spine/Scripts/CellBender/ckpt.tar.gz
cellbender:remove-background: [epoch 106]  average training loss: 2884.5469
cellbender:remove-background: Saving a checkpoint...
cellbender:remove-background: Could not save checkpoint
cellbender:remove-background: Traceback (most recent call last):
  File "/home/quiquevb/.conda/envs/cellbender/lib/python3.7/site-packages/cellbender/remove_background/checkpoint.py", line 140, in save_checkpoint
    make_tarball(files=file_list, tarball_name=tarball_name)
  File "/home/quiquevb/.conda/envs/cellbender/lib/python3.7/site-packages/cellbender/remove_background/checkpoint.py", line 300, in make_tarball
    os.rename(tarball_name + '.tmp', tarball_name)
FileNotFoundError: [Errno 2] No such file or directory: 'ckpt.tar.gz.tmp' -> 'ckpt.tar.gz'

cellbender:remove-background: [epoch 107]  average training loss: 2884.8499
cellbender:remove-background: Saving a checkpoint...
cellbender:remove-background: Saved checkpoint as /home/quiquevb/Cells2Spine/Cells2Spine/Scripts/CellBender/ckpt.tar.gz
cellbender:remove-background: [epoch 108]  average training loss: 2885.0249
cellbender:remove-background: Saving a checkpoint...
cellbender:remove-background: Saved checkpoint as /home/quiquevb/Cells2Spine/Cells2Spine/Scripts/CellBender/ckpt.tar.gz
cellbender:remove-background: [epoch 109]  average training loss: 2885.0015
cellbender:remove-background: Saving a checkpoint...
cellbender:remove-background: Saved checkpoint as /home/quiquevb/Cells2Spine/Cells2Spine/Scripts/CellBender/ckpt.tar.gz
cellbender:remove-background: [epoch 110]  average training loss: 2885.0562
cellbender:remove-background: [epoch 110] average test loss: 2921.8795
cellbender:remove-background: Saving a checkpoint...
cellbender:remove-background: Saved checkpoint as /home/quiquevb/Cells2Spine/Cells2Spine/Scripts/CellBender/ckpt.tar.gz
cellbender:remove-background: [epoch 111]  average training loss: 2884.1657
cellbender:remove-background: Saving a checkpoint...
cellbender:remove-background: Saved checkpoint as /home/quiquevb/Cells2Spine/Cells2Spine/Scripts/CellBender/ckpt.tar.gz
cellbender:remove-background: [epoch 112]  average training loss: 2884.8555
cellbender:remove-background: Saving a checkpoint...
cellbender:remove-background: Saved checkpoint as /home/quiquevb/Cells2Spine/Cells2Spine/Scripts/CellBender/ckpt.tar.gz
cellbender:remove-background: [epoch 113]  average training loss: 2883.4793
cellbender:remove-background: Saving a checkpoint...
cellbender:remove-background: Could not save checkpoint
cellbender:remove-background: Traceback (most recent call last):
  File "/home/quiquevb/.conda/envs/cellbender/lib/python3.7/site-packages/cellbender/remove_background/checkpoint.py", line 140, in save_checkpoint
    make_tarball(files=file_list, tarball_name=tarball_name)
  File "/home/quiquevb/.conda/envs/cellbender/lib/python3.7/site-packages/cellbender/remove_background/checkpoint.py", line 300, in make_tarball
    os.rename(tarball_name + '.tmp', tarball_name)
FileNotFoundError: [Errno 2] No such file or directory: 'ckpt.tar.gz.tmp' -> 'ckpt.tar.gz'

cellbender:remove-background: [epoch 114]  average training loss: 2883.1178
cellbender:remove-background: Saving a checkpoint...
cellbender:remove-background: Saved checkpoint as /home/quiquevb/Cells2Spine/Cells2Spine/Scripts/CellBender/ckpt.tar.gz
cellbender:remove-background: [epoch 115]  average training loss: 2883.9467
cellbender:remove-background: [epoch 115] average test loss: 2914.4435
cellbender:remove-background: Saving a checkpoint...
cellbender:remove-background: Saved checkpoint as /home/quiquevb/Cells2Spine/Cells2Spine/Scripts/CellBender/ckpt.tar.gz
cellbender:remove-background: [epoch 116]  average training loss: 2883.7641
cellbender:remove-background: Saving a checkpoint...
cellbender:remove-background: Saved checkpoint as /home/quiquevb/Cells2Spine/Cells2Spine/Scripts/CellBender/ckpt.tar.gz
cellbender:remove-background: [epoch 117]  average training loss: 2883.7145
cellbender:remove-background: Saving a checkpoint...
cellbender:remove-background: Saved checkpoint as /home/quiquevb/Cells2Spine/Cells2Spine/Scripts/CellBender/ckpt.tar.gz
cellbender:remove-background: [epoch 118]  average training loss: 2884.1124
cellbender:remove-background: Saving a checkpoint...
cellbender:remove-background: Saved checkpoint as /home/quiquevb/Cells2Spine/Cells2Spine/Scripts/CellBender/ckpt.tar.gz
cellbender:remove-background: [epoch 119]  average training loss: 2882.8533
cellbender:remove-background: Saving a checkpoint...
cellbender:remove-background: Saved checkpoint as /home/quiquevb/Cells2Spine/Cells2Spine/Scripts/CellBender/ckpt.tar.gz
cellbender:remove-background: [epoch 120]  average training loss: 2883.6821
cellbender:remove-background: [epoch 120] average test loss: 2909.1749
cellbender:remove-background: Saving a checkpoint...
cellbender:remove-background: Saved checkpoint as /home/quiquevb/Cells2Spine/Cells2Spine/Scripts/CellBender/ckpt.tar.gz
cellbender:remove-background: [epoch 121]  average training loss: 2882.4291
cellbender:remove-background: Saving a checkpoint...
cellbender:remove-background: Saved checkpoint as /home/quiquevb/Cells2Spine/Cells2Spine/Scripts/CellBender/ckpt.tar.gz
cellbender:remove-background: [epoch 122]  average training loss: 2883.1047
cellbender:remove-background: Saving a checkpoint...
cellbender:remove-background: Saved checkpoint as /home/quiquevb/Cells2Spine/Cells2Spine/Scripts/CellBender/ckpt.tar.gz
cellbender:remove-background: [epoch 123]  average training loss: 2882.6981
cellbender:remove-background: Saving a checkpoint...
cellbender:remove-background: Saved checkpoint as /home/quiquevb/Cells2Spine/Cells2Spine/Scripts/CellBender/ckpt.tar.gz
cellbender:remove-background: [epoch 124]  average training loss: 2883.6615
cellbender:remove-background: Saving a checkpoint...
cellbender:remove-background: Saved checkpoint as /home/quiquevb/Cells2Spine/Cells2Spine/Scripts/CellBender/ckpt.tar.gz
cellbender:remove-background: [epoch 125]  average training loss: 2882.6800
cellbender:remove-background: [epoch 125] average test loss: 2910.9789
cellbender:remove-background: Saving a checkpoint...
cellbender:remove-background: Saved checkpoint as /home/quiquevb/Cells2Spine/Cells2Spine/Scripts/CellBender/ckpt.tar.gz
cellbender:remove-background: [epoch 126]  average training loss: 2882.4128
cellbender:remove-background: Saving a checkpoint...
cellbender:remove-background: Could not save checkpoint
cellbender:remove-background: Traceback (most recent call last):
  File "/home/quiquevb/.conda/envs/cellbender/lib/python3.7/site-packages/cellbender/remove_background/checkpoint.py", line 140, in save_checkpoint
    make_tarball(files=file_list, tarball_name=tarball_name)
  File "/home/quiquevb/.conda/envs/cellbender/lib/python3.7/site-packages/cellbender/remove_background/checkpoint.py", line 300, in make_tarball
    os.rename(tarball_name + '.tmp', tarball_name)
FileNotFoundError: [Errno 2] No such file or directory: 'ckpt.tar.gz.tmp' -> 'ckpt.tar.gz'

cellbender:remove-background: [epoch 127]  average training loss: 2882.7705
cellbender:remove-background: Saving a checkpoint...
cellbender:remove-background: Saved checkpoint as /home/quiquevb/Cells2Spine/Cells2Spine/Scripts/CellBender/ckpt.tar.gz
cellbender:remove-background: [epoch 128]  average training loss: 2882.6365
cellbender:remove-background: Saving a checkpoint...
cellbender:remove-background: Saved checkpoint as /home/quiquevb/Cells2Spine/Cells2Spine/Scripts/CellBender/ckpt.tar.gz
cellbender:remove-background: [epoch 129]  average training loss: 2882.6288
cellbender:remove-background: Saving a checkpoint...
cellbender:remove-background: Saved checkpoint as /home/quiquevb/Cells2Spine/Cells2Spine/Scripts/CellBender/ckpt.tar.gz
cellbender:remove-background: [epoch 130]  average training loss: 2881.9734
cellbender:remove-background: [epoch 130] average test loss: 2911.8499
cellbender:remove-background: Saving a checkpoint...
cellbender:remove-background: Saved checkpoint as /home/quiquevb/Cells2Spine/Cells2Spine/Scripts/CellBender/ckpt.tar.gz
cellbender:remove-background: [epoch 131]  average training loss: 2882.6375
cellbender:remove-background: Saving a checkpoint...
cellbender:remove-background: Saved checkpoint as /home/quiquevb/Cells2Spine/Cells2Spine/Scripts/CellBender/ckpt.tar.gz
cellbender:remove-background: [epoch 132]  average training loss: 2882.0755
cellbender:remove-background: Saving a checkpoint...
cellbender:remove-background: Saved checkpoint as /home/quiquevb/Cells2Spine/Cells2Spine/Scripts/CellBender/ckpt.tar.gz
cellbender:remove-background: [epoch 133]  average training loss: 2881.9509
cellbender:remove-background: Saving a checkpoint...
cellbender:remove-background: Saved checkpoint as /home/quiquevb/Cells2Spine/Cells2Spine/Scripts/CellBender/ckpt.tar.gz
cellbender:remove-background: [epoch 134]  average training loss: 2881.6773
cellbender:remove-background: Saving a checkpoint...
cellbender:remove-background: Saved checkpoint as /home/quiquevb/Cells2Spine/Cells2Spine/Scripts/CellBender/ckpt.tar.gz
cellbender:remove-background: [epoch 135]  average training loss: 2881.7910
cellbender:remove-background: [epoch 135] average test loss: 2912.3276
cellbender:remove-background: Saving a checkpoint...
cellbender:remove-background: Saved checkpoint as /home/quiquevb/Cells2Spine/Cells2Spine/Scripts/CellBender/ckpt.tar.gz
cellbender:remove-background: [epoch 136]  average training loss: 2882.0514
cellbender:remove-background: Saving a checkpoint...
cellbender:remove-background: Saved checkpoint as /home/quiquevb/Cells2Spine/Cells2Spine/Scripts/CellBender/ckpt.tar.gz
cellbender:remove-background: [epoch 137]  average training loss: 2882.2392
cellbender:remove-background: Saving a checkpoint...
cellbender:remove-background: Saved checkpoint as /home/quiquevb/Cells2Spine/Cells2Spine/Scripts/CellBender/ckpt.tar.gz
cellbender:remove-background: [epoch 138]  average training loss: 2881.6689
cellbender:remove-background: Saving a checkpoint...
cellbender:remove-background: Saved checkpoint as /home/quiquevb/Cells2Spine/Cells2Spine/Scripts/CellBender/ckpt.tar.gz
cellbender:remove-background: [epoch 139]  average training loss: 2881.5302
cellbender:remove-background: Saving a checkpoint...
cellbender:remove-background: Saved checkpoint as /home/quiquevb/Cells2Spine/Cells2Spine/Scripts/CellBender/ckpt.tar.gz
cellbender:remove-background: [epoch 140]  average training loss: 2881.7183
cellbender:remove-background: [epoch 140] average test loss: 2912.4022
cellbender:remove-background: Saving a checkpoint...
cellbender:remove-background: Saved checkpoint as /home/quiquevb/Cells2Spine/Cells2Spine/Scripts/CellBender/ckpt.tar.gz
cellbender:remove-background: [epoch 141]  average training loss: 2881.5759
cellbender:remove-background: Saving a checkpoint...
cellbender:remove-background: Saved checkpoint as /home/quiquevb/Cells2Spine/Cells2Spine/Scripts/CellBender/ckpt.tar.gz
cellbender:remove-background: [epoch 142]  average training loss: 2881.7676
cellbender:remove-background: Saving a checkpoint...
cellbender:remove-background: Saved checkpoint as /home/quiquevb/Cells2Spine/Cells2Spine/Scripts/CellBender/ckpt.tar.gz
cellbender:remove-background: [epoch 143]  average training loss: 2881.4625
cellbender:remove-background: Saving a checkpoint...
cellbender:remove-background: Saved checkpoint as /home/quiquevb/Cells2Spine/Cells2Spine/Scripts/CellBender/ckpt.tar.gz
cellbender:remove-background: [epoch 144]  average training loss: 2882.1310
cellbender:remove-background: Saving a checkpoint...
cellbender:remove-background: Saved checkpoint as /home/quiquevb/Cells2Spine/Cells2Spine/Scripts/CellBender/ckpt.tar.gz
cellbender:remove-background: [epoch 145]  average training loss: 2881.4672
cellbender:remove-background: [epoch 145] average test loss: 2911.0580
cellbender:remove-background: Saving a checkpoint...
cellbender:remove-background: Saved checkpoint as /home/quiquevb/Cells2Spine/Cells2Spine/Scripts/CellBender/ckpt.tar.gz
cellbender:remove-background: [epoch 146]  average training loss: 2881.1085
cellbender:remove-background: Saving a checkpoint...
cellbender:remove-background: Saved checkpoint as /home/quiquevb/Cells2Spine/Cells2Spine/Scripts/CellBender/ckpt.tar.gz
cellbender:remove-background: [epoch 147]  average training loss: 2881.0937
cellbender:remove-background: Saving a checkpoint...
cellbender:remove-background: Saved checkpoint as /home/quiquevb/Cells2Spine/Cells2Spine/Scripts/CellBender/ckpt.tar.gz
cellbender:remove-background: [epoch 148]  average training loss: 2881.8343
cellbender:remove-background: Saving a checkpoint...
cellbender:remove-background: Saved checkpoint as /home/quiquevb/Cells2Spine/Cells2Spine/Scripts/CellBender/ckpt.tar.gz
cellbender:remove-background: [epoch 149]  average training loss: 2881.3864
cellbender:remove-background: Saving a checkpoint...
cellbender:remove-background: Saved checkpoint as /home/quiquevb/Cells2Spine/Cells2Spine/Scripts/CellBender/ckpt.tar.gz
cellbender:remove-background: [epoch 150]  average training loss: 2881.4757
cellbender:remove-background: [epoch 150] average test loss: 2913.9665
cellbender:remove-background: Saving a checkpoint...
cellbender:remove-background: Saved checkpoint as /home/quiquevb/Cells2Spine/Cells2Spine/Scripts/CellBender/ckpt.tar.gz
cellbender:remove-background: 2025-02-01 22:14:18
cellbender:remove-background: Inference procedure complete.
cellbender:remove-background: Attempting to unpack tarball "ckpt.tar.gz" to /tmp/tmp570pvda6
cellbender:remove-background: Successfully unpacked tarball to /tmp/tmp570pvda6
/tmp/tmp570pvda6/2f4a7a7199_random.pyro
/tmp/tmp570pvda6/2f4a7a7199_model.torch
/tmp/tmp570pvda6/2f4a7a7199_optim.torch
/tmp/tmp570pvda6/2f4a7a7199_optim.pyro
/tmp/tmp570pvda6/2f4a7a7199_params.pyro
/tmp/tmp570pvda6/2f4a7a7199_train.loaderstate
/tmp/tmp570pvda6/2f4a7a7199_test.loaderstate
/tmp/tmp570pvda6/2f4a7a7199_args.npy
cellbender:remove-background: Posterior not currently included in checkpoint.
cellbender:remove-background: Computing posterior noise count probabilities in mini-batches.
cellbender:remove-background: Working on chunk (1/224)
cellbender:remove-background:     [0.84 mins per chunk]
cellbender:remove-background: Working on chunk (2/224)
cellbender:remove-background: Working on chunk (3/224)
cellbender:remove-background: Working on chunk (4/224)
cellbender:remove-background: Working on chunk (5/224)
cellbender:remove-background: Working on chunk (6/224)
cellbender:remove-background: Working on chunk (7/224)
cellbender:remove-background: Working on chunk (8/224)
cellbender:remove-background: Working on chunk (9/224)
cellbender:remove-background: Working on chunk (10/224)
cellbender:remove-background: Working on chunk (11/224)
cellbender:remove-background: Working on chunk (12/224)
cellbender:remove-background: Working on chunk (13/224)
cellbender:remove-background: Working on chunk (14/224)
cellbender:remove-background: Working on chunk (15/224)
cellbender:remove-background: Working on chunk (16/224)
cellbender:remove-background: Working on chunk (17/224)
cellbender:remove-background: Working on chunk (18/224)
cellbender:remove-background: Working on chunk (19/224)
cellbender:remove-background: Working on chunk (20/224)
cellbender:remove-background: Working on chunk (21/224)
cellbender:remove-background: Working on chunk (22/224)
cellbender:remove-background: Working on chunk (23/224)
cellbender:remove-background: Working on chunk (24/224)
cellbender:remove-background: Working on chunk (25/224)
cellbender:remove-background: Working on chunk (26/224)
cellbender:remove-background: Working on chunk (27/224)
cellbender:remove-background: Working on chunk (28/224)
cellbender:remove-background: Working on chunk (29/224)
cellbender:remove-background: Working on chunk (30/224)
cellbender:remove-background: Working on chunk (31/224)
cellbender:remove-background: Working on chunk (32/224)
cellbender:remove-background: Working on chunk (33/224)
cellbender:remove-background: Working on chunk (34/224)
cellbender:remove-background: Working on chunk (35/224)
cellbender:remove-background: Working on chunk (36/224)
cellbender:remove-background: Working on chunk (37/224)
cellbender:remove-background: Working on chunk (38/224)
cellbender:remove-background: Working on chunk (39/224)
cellbender:remove-background: Working on chunk (40/224)
cellbender:remove-background: Working on chunk (41/224)
cellbender:remove-background: Working on chunk (42/224)
cellbender:remove-background: Working on chunk (43/224)
cellbender:remove-background: Working on chunk (44/224)
cellbender:remove-background: Working on chunk (45/224)
cellbender:remove-background: Working on chunk (46/224)
cellbender:remove-background: Working on chunk (47/224)
cellbender:remove-background: Working on chunk (48/224)
cellbender:remove-background: Working on chunk (49/224)
cellbender:remove-background: Working on chunk (50/224)
cellbender:remove-background: Working on chunk (51/224)
cellbender:remove-background: Working on chunk (52/224)
cellbender:remove-background: Working on chunk (53/224)
cellbender:remove-background: Working on chunk (54/224)
cellbender:remove-background: Working on chunk (55/224)
cellbender:remove-background: Working on chunk (56/224)
cellbender:remove-background: Working on chunk (57/224)
cellbender:remove-background: Working on chunk (58/224)
cellbender:remove-background: Working on chunk (59/224)
cellbender:remove-background: Working on chunk (60/224)
cellbender:remove-background: Working on chunk (61/224)
cellbender:remove-background: Working on chunk (62/224)
cellbender:remove-background: Working on chunk (63/224)
cellbender:remove-background: Working on chunk (64/224)
cellbender:remove-background: Working on chunk (65/224)
cellbender:remove-background: Working on chunk (66/224)
cellbender:remove-background: Working on chunk (67/224)
cellbender:remove-background: Working on chunk (68/224)
cellbender:remove-background: Working on chunk (69/224)
cellbender:remove-background: Working on chunk (70/224)
cellbender:remove-background: Working on chunk (71/224)
cellbender:remove-background: Working on chunk (72/224)
cellbender:remove-background: Working on chunk (73/224)
cellbender:remove-background: Working on chunk (74/224)
cellbender:remove-background: Working on chunk (75/224)
cellbender:remove-background: Working on chunk (76/224)
cellbender:remove-background: Working on chunk (77/224)
cellbender:remove-background: Working on chunk (78/224)
cellbender:remove-background: Working on chunk (79/224)
cellbender:remove-background: Working on chunk (80/224)
cellbender:remove-background: Working on chunk (81/224)
cellbender:remove-background: Working on chunk (82/224)
cellbender:remove-background: Working on chunk (83/224)
cellbender:remove-background: Working on chunk (84/224)
cellbender:remove-background: Working on chunk (85/224)
cellbender:remove-background: Working on chunk (86/224)
cellbender:remove-background: Working on chunk (87/224)
cellbender:remove-background: Working on chunk (88/224)
cellbender:remove-background: Working on chunk (89/224)
cellbender:remove-background: Working on chunk (90/224)
cellbender:remove-background: Working on chunk (91/224)
cellbender:remove-background: Working on chunk (92/224)
cellbender:remove-background: Working on chunk (93/224)
cellbender:remove-background: Working on chunk (94/224)
cellbender:remove-background: Working on chunk (95/224)
cellbender:remove-background: Working on chunk (96/224)
cellbender:remove-background: Working on chunk (97/224)
cellbender:remove-background: Working on chunk (98/224)
cellbender:remove-background: Working on chunk (99/224)
cellbender:remove-background: Working on chunk (100/224)
cellbender:remove-background: Working on chunk (101/224)
cellbender:remove-background: Working on chunk (102/224)
cellbender:remove-background: Working on chunk (103/224)
cellbender:remove-background: Working on chunk (104/224)
cellbender:remove-background: Working on chunk (105/224)
cellbender:remove-background: Working on chunk (106/224)
cellbender:remove-background: Working on chunk (107/224)
cellbender:remove-background: Working on chunk (108/224)
cellbender:remove-background: Working on chunk (109/224)
cellbender:remove-background: Working on chunk (110/224)
cellbender:remove-background: Working on chunk (111/224)
cellbender:remove-background: Working on chunk (112/224)
cellbender:remove-background: Working on chunk (113/224)
cellbender:remove-background: Working on chunk (114/224)
cellbender:remove-background: Working on chunk (115/224)
cellbender:remove-background: Working on chunk (116/224)
cellbender:remove-background: Working on chunk (117/224)
cellbender:remove-background: Working on chunk (118/224)
cellbender:remove-background: Working on chunk (119/224)
cellbender:remove-background: Working on chunk (120/224)
cellbender:remove-background: Working on chunk (121/224)
cellbender:remove-background: Working on chunk (122/224)
cellbender:remove-background: Working on chunk (123/224)
cellbender:remove-background: Working on chunk (124/224)
cellbender:remove-background: Working on chunk (125/224)
cellbender:remove-background: Working on chunk (126/224)
cellbender:remove-background: Working on chunk (127/224)
cellbender:remove-background: Working on chunk (128/224)
cellbender:remove-background: Working on chunk (129/224)
cellbender:remove-background: Working on chunk (130/224)
cellbender:remove-background: Working on chunk (131/224)
cellbender:remove-background: Working on chunk (132/224)
cellbender:remove-background: Working on chunk (133/224)
cellbender:remove-background: Working on chunk (134/224)
cellbender:remove-background: Working on chunk (135/224)
cellbender:remove-background: Working on chunk (136/224)
cellbender:remove-background: Working on chunk (137/224)
cellbender:remove-background: Working on chunk (138/224)
cellbender:remove-background: Working on chunk (139/224)
cellbender:remove-background: Working on chunk (140/224)
cellbender:remove-background: Working on chunk (141/224)
cellbender:remove-background: Working on chunk (142/224)
cellbender:remove-background: Working on chunk (143/224)
cellbender:remove-background: Working on chunk (144/224)
cellbender:remove-background: Working on chunk (145/224)
cellbender:remove-background: Working on chunk (146/224)
cellbender:remove-background: Working on chunk (147/224)
cellbender:remove-background: Working on chunk (148/224)
cellbender:remove-background: Working on chunk (149/224)
cellbender:remove-background: Working on chunk (150/224)
cellbender:remove-background: Working on chunk (151/224)
cellbender:remove-background: Working on chunk (152/224)
cellbender:remove-background: Working on chunk (153/224)
cellbender:remove-background: Working on chunk (154/224)
cellbender:remove-background: Working on chunk (155/224)
cellbender:remove-background: Working on chunk (156/224)
cellbender:remove-background: Working on chunk (157/224)
cellbender:remove-background: Working on chunk (158/224)
cellbender:remove-background: Working on chunk (159/224)
cellbender:remove-background: Working on chunk (160/224)
cellbender:remove-background: Working on chunk (161/224)
cellbender:remove-background: Working on chunk (162/224)
cellbender:remove-background: Working on chunk (163/224)
cellbender:remove-background: Working on chunk (164/224)
cellbender:remove-background: Working on chunk (165/224)
cellbender:remove-background: Working on chunk (166/224)
cellbender:remove-background: Working on chunk (167/224)
cellbender:remove-background: Working on chunk (168/224)
cellbender:remove-background: Working on chunk (169/224)
cellbender:remove-background: Working on chunk (170/224)
cellbender:remove-background: Working on chunk (171/224)
cellbender:remove-background: Working on chunk (172/224)
cellbender:remove-background: Working on chunk (173/224)
cellbender:remove-background: Working on chunk (174/224)
cellbender:remove-background: Working on chunk (175/224)
cellbender:remove-background: Working on chunk (176/224)
cellbender:remove-background: Working on chunk (177/224)
cellbender:remove-background: Working on chunk (178/224)
cellbender:remove-background: Working on chunk (179/224)
cellbender:remove-background: Working on chunk (180/224)
cellbender:remove-background: Working on chunk (181/224)
cellbender:remove-background: Working on chunk (182/224)
cellbender:remove-background: Working on chunk (183/224)
cellbender:remove-background: Working on chunk (184/224)
cellbender:remove-background: Working on chunk (185/224)
cellbender:remove-background: Working on chunk (186/224)
cellbender:remove-background: Working on chunk (187/224)
cellbender:remove-background: Working on chunk (188/224)
cellbender:remove-background: Working on chunk (189/224)
cellbender:remove-background: Working on chunk (190/224)
cellbender:remove-background: Working on chunk (191/224)
cellbender:remove-background: Working on chunk (192/224)
cellbender:remove-background: Working on chunk (193/224)
cellbender:remove-background: Working on chunk (194/224)
cellbender:remove-background: Working on chunk (195/224)
cellbender:remove-background: Working on chunk (196/224)
cellbender:remove-background: Working on chunk (197/224)
cellbender:remove-background: Working on chunk (198/224)
cellbender:remove-background: Working on chunk (199/224)
cellbender:remove-background: Working on chunk (200/224)
cellbender:remove-background: Working on chunk (201/224)
cellbender:remove-background: Working on chunk (202/224)
cellbender:remove-background: Working on chunk (203/224)
cellbender:remove-background: Working on chunk (204/224)
cellbender:remove-background: Working on chunk (205/224)
cellbender:remove-background: Working on chunk (206/224)
cellbender:remove-background: Working on chunk (207/224)
cellbender:remove-background: Working on chunk (208/224)
cellbender:remove-background: Working on chunk (209/224)
cellbender:remove-background: Working on chunk (210/224)
cellbender:remove-background: Working on chunk (211/224)
cellbender:remove-background: Working on chunk (212/224)
cellbender:remove-background: Working on chunk (213/224)
cellbender:remove-background: Working on chunk (214/224)
cellbender:remove-background: Working on chunk (215/224)
cellbender:remove-background: Working on chunk (216/224)
cellbender:remove-background: Working on chunk (217/224)
cellbender:remove-background: Working on chunk (218/224)
cellbender:remove-background: Working on chunk (219/224)
cellbender:remove-background: Working on chunk (220/224)
cellbender:remove-background: Working on chunk (221/224)
cellbender:remove-background: Working on chunk (222/224)
cellbender:remove-background: Working on chunk (223/224)
cellbender:remove-background: Working on chunk (224/224)
cellbender:remove-background: Writing full posterior to /storage/gge/Quique/Cells2SpineData/Pilot/single-cell/full_seq/Single_Cell_1/HWYVKDSXC/outs/outs/cellbender_filtered_posterior.h5
cellbender:remove-background: Succeeded in writing posterior to file /storage/gge/Quique/Cells2SpineData/Pilot/single-cell/full_seq/Single_Cell_1/HWYVKDSXC/outs/outs/cellbender_filtered_posterior.h5
cellbender:remove-background: Added posterior object to checkpoint file.
cellbender:remove-background: 2025-02-02 01:40:42

cellbender:remove-background: Saved summary plots as /storage/gge/Quique/Cells2SpineData/Pilot/single-cell/full_seq/Single_Cell_1/HWYVKDSXC/outs/outs/cellbender_filtered.pdf
cellbender:remove-background: Saved cell barcodes in /storage/gge/Quique/Cells2SpineData/Pilot/single-cell/full_seq/Single_Cell_1/HWYVKDSXC/outs/outs/cellbender_filtered_cell_barcodes.csv
cellbender:remove-background: Computing target noise counts per gene for MCKP estimator
cellbender:remove-background: Using MCKP noise targets computed for FPR 0.01
cellbender:remove-background: Computing denoised counts using mckp estimator
cellbender:remove-background: Working on chunk (1/7)
cellbender:remove-background:     [3.61 mins per chunk]
cellbender:remove-background: Working on chunk (2/7)
cellbender:remove-background: Working on chunk (3/7)
cellbender:remove-background: Working on chunk (4/7)
cellbender:remove-background: Working on chunk (5/7)
cellbender:remove-background: Working on chunk (6/7)
cellbender:remove-background: Working on chunk (7/7)
cellbender:remove-background: 2025-02-02 02:07:06 Total MCKP estimation time = 1496.90 sec
cellbender:remove-background: Succeeded in writing CellRanger format output to file /storage/gge/Quique/Cells2SpineData/Pilot/single-cell/full_seq/Single_Cell_1/HWYVKDSXC/outs/outs/cellbender_filtered.h5
cellbender:remove-background: Succeeded in writing CellRanger format output to file /storage/gge/Quique/Cells2SpineData/Pilot/single-cell/full_seq/Single_Cell_1/HWYVKDSXC/outs/outs/cellbender_filtered_filtered.h5
cellbender:remove-background: Saved output metrics as /storage/gge/Quique/Cells2SpineData/Pilot/single-cell/full_seq/Single_Cell_1/HWYVKDSXC/outs/outs/cellbender_filtered_metrics.csv
Traceback (most recent call last):
  File "/home/quiquevb/.conda/envs/cellbender/bin/jupyter-nbconvert", line 5, in <module>
    from nbconvert.nbconvertapp import main
  File "/home/quiquevb/.conda/envs/cellbender/lib/python3.7/site-packages/nbconvert/__init__.py", line 5, in <module>
    from .exporters import *
  File "/home/quiquevb/.conda/envs/cellbender/lib/python3.7/site-packages/nbconvert/exporters/__init__.py", line 1, in <module>
    from .asciidoc import ASCIIDocExporter
  File "/home/quiquevb/.conda/envs/cellbender/lib/python3.7/site-packages/nbconvert/exporters/asciidoc.py", line 9, in <module>
    from .templateexporter import TemplateExporter
  File "/home/quiquevb/.conda/envs/cellbender/lib/python3.7/site-packages/nbconvert/exporters/templateexporter.py", line 25, in <module>
    from lxml.html.clean import clean_html
  File "/home/quiquevb/.conda/envs/cellbender/lib/python3.7/site-packages/lxml/html/clean.py", line 21, in <module>
    ) from None
ImportError: lxml.html.clean module is now a separate project lxml_html_clean.
Install lxml[html_clean] or lxml_html_clean directly.
Traceback (most recent call last):
  File "/home/quiquevb/.conda/envs/cellbender/bin/jupyter-nbconvert", line 5, in <module>
    from nbconvert.nbconvertapp import main
  File "/home/quiquevb/.conda/envs/cellbender/lib/python3.7/site-packages/nbconvert/__init__.py", line 5, in <module>
    from .exporters import *
  File "/home/quiquevb/.conda/envs/cellbender/lib/python3.7/site-packages/nbconvert/exporters/__init__.py", line 1, in <module>
    from .asciidoc import ASCIIDocExporter
  File "/home/quiquevb/.conda/envs/cellbender/lib/python3.7/site-packages/nbconvert/exporters/asciidoc.py", line 9, in <module>
    from .templateexporter import TemplateExporter
  File "/home/quiquevb/.conda/envs/cellbender/lib/python3.7/site-packages/nbconvert/exporters/templateexporter.py", line 25, in <module>
    from lxml.html.clean import clean_html
  File "/home/quiquevb/.conda/envs/cellbender/lib/python3.7/site-packages/lxml/html/clean.py", line 21, in <module>
    ) from None
ImportError: lxml.html.clean module is now a separate project lxml_html_clean.
Install lxml[html_clean] or lxml_html_clean directly.
mv: cannot stat 'tmp.report.nbconvert.html': No such file or directory
rm: cannot remove 'tmp.report.nbconvert.ipynb': No such file or directory
cellbender:remove-background: Unable to create report.
cellbender:remove-background: Traceback (most recent call last):
  File "/home/quiquevb/.conda/envs/cellbender/lib/python3.7/site-packages/cellbender/remove_background/run.py", line 351, in compute_output_denoised_counts_reports_metrics
    output=html_report_file,
  File "/home/quiquevb/.conda/envs/cellbender/lib/python3.7/site-packages/cellbender/remove_background/report.py", line 82, in run_notebook_make_html
    title=('CellBender: ' + os.path.basename(output).replace('_report.html', '')),
  File "/home/quiquevb/.conda/envs/cellbender/lib/python3.7/site-packages/cellbender/remove_background/report.py", line 59, in _postprocess_html
    with open(file, mode='r') as f:
FileNotFoundError: [Errno 2] No such file or directory: '/storage/gge/Quique/Cells2SpineData/Pilot/single-cell/full_seq/Single_Cell_1/HWYVKDSXC/outs/outs/cellbender_filtered_report.html'

cellbender:remove-background: Completed remove-background.
cellbender:remove-background: 2025-02-02 02:07:53

